<!doctype html public "-//w3c//dtd html 4.0 transitional//en">
<html><head>
<title>Static Call Graph - [STM32H750XBH6\STM32H750XBH6.axf]</title></head>
<body><HR>
<H1>Static Call Graph for image STM32H750XBH6\STM32H750XBH6.axf</H1><HR>
<BR><P>#&#060CALLGRAPH&#062# ARM Linker, 6220000: Last Updated: Tue Jun 25 14:07:51 2024
<BR><P>
<H3>Maximum Stack Usage =       1048 bytes + Unknown(Functions without stacksize, Cycles, Untraceable Function Pointers)</H3><H3>
Call chain for Maximum Stack Depth:</H3>
lv_textarea_event &rArr; lv_textarea_del_char_forward &rArr; lv_textarea_del_char &rArr; lv_textarea_add_text &rArr; lv_textarea_add_char &rArr;  lv_textarea_add_text (Cycle)
<P>
<H3>
Functions with no stack information
</H3><UL>
 <LI><a href="#[16e]">__user_initial_stackheap</a>
</UL>
</UL>
<P>
<H3>
Mutually Recursive functions
</H3> <LI><a href="#[82]">ADC3_IRQHandler</a>&nbsp;&nbsp;&nbsp;&rArr;&nbsp;&nbsp;&nbsp;<a href="#[82]">ADC3_IRQHandler</a><BR>
 <LI><a href="#[4]">BusFault_Handler</a>&nbsp;&nbsp;&nbsp;&rArr;&nbsp;&nbsp;&nbsp;<a href="#[4]">BusFault_Handler</a><BR>
 <LI><a href="#[2]">HardFault_Handler</a>&nbsp;&nbsp;&nbsp;&rArr;&nbsp;&nbsp;&nbsp;<a href="#[2]">HardFault_Handler</a><BR>
 <LI><a href="#[3]">MemManage_Handler</a>&nbsp;&nbsp;&nbsp;&rArr;&nbsp;&nbsp;&nbsp;<a href="#[3]">MemManage_Handler</a><BR>
 <LI><a href="#[1]">NMI_Handler</a>&nbsp;&nbsp;&nbsp;&rArr;&nbsp;&nbsp;&nbsp;<a href="#[1]">NMI_Handler</a><BR>
 <LI><a href="#[5]">UsageFault_Handler</a>&nbsp;&nbsp;&nbsp;&rArr;&nbsp;&nbsp;&nbsp;<a href="#[5]">UsageFault_Handler</a><BR>
 <LI><a href="#[38b]">lv_obj_redraw</a>&nbsp;&nbsp;&nbsp;&rArr;&nbsp;&nbsp;&nbsp;<a href="#[38c]">refr_obj</a><BR>
 <LI><a href="#[2c1]">lv_obj_transform_point</a>&nbsp;&nbsp;&nbsp;&rArr;&nbsp;&nbsp;&nbsp;<a href="#[2c1]">lv_obj_transform_point</a><BR>
 <LI><a href="#[3a1]">lv_refr_get_top_obj</a>&nbsp;&nbsp;&nbsp;&rArr;&nbsp;&nbsp;&nbsp;<a href="#[3a1]">lv_refr_get_top_obj</a><BR>
 <LI><a href="#[23b]">lv_obj_move_children_by</a>&nbsp;&nbsp;&nbsp;&rArr;&nbsp;&nbsp;&nbsp;<a href="#[23b]">lv_obj_move_children_by</a><BR>
 <LI><a href="#[393]">lv_obj_scroll_by_bounded</a>&nbsp;&nbsp;&nbsp;&rArr;&nbsp;&nbsp;&nbsp;<a href="#[1ee]">lv_obj_update_layout</a><BR>
 <LI><a href="#[2ce]">layout_update_core</a>&nbsp;&nbsp;&nbsp;&rArr;&nbsp;&nbsp;&nbsp;<a href="#[2ce]">layout_update_core</a><BR>
 <LI><a href="#[38e]">refresh_children_style</a>&nbsp;&nbsp;&nbsp;&rArr;&nbsp;&nbsp;&nbsp;<a href="#[38e]">refresh_children_style</a><BR>
 <LI><a href="#[340]">lv_obj_is_editable</a>&nbsp;&nbsp;&nbsp;&rArr;&nbsp;&nbsp;&nbsp;<a href="#[340]">lv_obj_is_editable</a><BR>
 <LI><a href="#[2bf]">lv_indev_search_obj</a>&nbsp;&nbsp;&nbsp;&rArr;&nbsp;&nbsp;&nbsp;<a href="#[2bf]">lv_indev_search_obj</a><BR>
 <LI><a href="#[34a]">lv_textarea_add_char</a>&nbsp;&nbsp;&nbsp;&rArr;&nbsp;&nbsp;&nbsp;<a href="#[349]">lv_textarea_add_text</a><BR>
 <LI><a href="#[37a]">obj_del_core</a>&nbsp;&nbsp;&nbsp;&rArr;&nbsp;&nbsp;&nbsp;<a href="#[37a]">obj_del_core</a><BR>
 <LI><a href="#[24f]">_vsnprintf</a>&nbsp;&nbsp;&nbsp;&rArr;&nbsp;&nbsp;&nbsp;<a href="#[24f]">_vsnprintf</a><BR>
 <LI><a href="#[255]">apply_theme</a>&nbsp;&nbsp;&nbsp;&rArr;&nbsp;&nbsp;&nbsp;<a href="#[255]">apply_theme</a><BR>
 <LI><a href="#[377]">lv_obj_construct</a>&nbsp;&nbsp;&nbsp;&rArr;&nbsp;&nbsp;&nbsp;<a href="#[377]">lv_obj_construct</a><BR>
 <LI><a href="#[392]">report_style_change_core</a>&nbsp;&nbsp;&nbsp;&rArr;&nbsp;&nbsp;&nbsp;<a href="#[392]">report_style_change_core</a><BR>
</UL>
<P>
<H3>
Function Pointers
</H3><UL>
 <LI><a href="#[82]">ADC3_IRQHandler</a> from startup_stm32h750xx.o(.text) referenced from startup_stm32h750xx.o(RESET)
 <LI><a href="#[1c]">ADC_IRQHandler</a> from startup_stm32h750xx.o(.text) referenced from startup_stm32h750xx.o(RESET)
 <LI><a href="#[84]">BDMA_Channel0_IRQHandler</a> from startup_stm32h750xx.o(.text) referenced from startup_stm32h750xx.o(RESET)
 <LI><a href="#[85]">BDMA_Channel1_IRQHandler</a> from startup_stm32h750xx.o(.text) referenced from startup_stm32h750xx.o(RESET)
 <LI><a href="#[86]">BDMA_Channel2_IRQHandler</a> from startup_stm32h750xx.o(.text) referenced from startup_stm32h750xx.o(RESET)
 <LI><a href="#[87]">BDMA_Channel3_IRQHandler</a> from startup_stm32h750xx.o(.text) referenced from startup_stm32h750xx.o(RESET)
 <LI><a href="#[88]">BDMA_Channel4_IRQHandler</a> from startup_stm32h750xx.o(.text) referenced from startup_stm32h750xx.o(RESET)
 <LI><a href="#[89]">BDMA_Channel5_IRQHandler</a> from startup_stm32h750xx.o(.text) referenced from startup_stm32h750xx.o(RESET)
 <LI><a href="#[8a]">BDMA_Channel6_IRQHandler</a> from startup_stm32h750xx.o(.text) referenced from startup_stm32h750xx.o(RESET)
 <LI><a href="#[8b]">BDMA_Channel7_IRQHandler</a> from startup_stm32h750xx.o(.text) referenced from startup_stm32h750xx.o(RESET)
 <LI><a href="#[4]">BusFault_Handler</a> from stm32h7xx_it.o(.text.BusFault_Handler) referenced from startup_stm32h750xx.o(RESET)
 <LI><a href="#[63]">CEC_IRQHandler</a> from startup_stm32h750xx.o(.text) referenced from startup_stm32h750xx.o(RESET)
 <LI><a href="#[8c]">COMP1_IRQHandler</a> from startup_stm32h750xx.o(.text) referenced from startup_stm32h750xx.o(RESET)
 <LI><a href="#[92]">CRS_IRQHandler</a> from startup_stm32h750xx.o(.text) referenced from startup_stm32h750xx.o(RESET)
 <LI><a href="#[54]">CRYP_IRQHandler</a> from startup_stm32h750xx.o(.text) referenced from startup_stm32h750xx.o(RESET)
 <LI><a href="#[53]">DCMI_IRQHandler</a> from startup_stm32h750xx.o(.text) referenced from startup_stm32h750xx.o(RESET)
 <LI><a href="#[73]">DFSDM1_FLT0_IRQHandler</a> from startup_stm32h750xx.o(.text) referenced from startup_stm32h750xx.o(RESET)
 <LI><a href="#[74]">DFSDM1_FLT1_IRQHandler</a> from startup_stm32h750xx.o(.text) referenced from startup_stm32h750xx.o(RESET)
 <LI><a href="#[75]">DFSDM1_FLT2_IRQHandler</a> from startup_stm32h750xx.o(.text) referenced from startup_stm32h750xx.o(RESET)
 <LI><a href="#[76]">DFSDM1_FLT3_IRQHandler</a> from startup_stm32h750xx.o(.text) referenced from startup_stm32h750xx.o(RESET)
 <LI><a href="#[15]">DMA1_Stream0_IRQHandler</a> from startup_stm32h750xx.o(.text) referenced from startup_stm32h750xx.o(RESET)
 <LI><a href="#[16]">DMA1_Stream1_IRQHandler</a> from startup_stm32h750xx.o(.text) referenced from startup_stm32h750xx.o(RESET)
 <LI><a href="#[17]">DMA1_Stream2_IRQHandler</a> from startup_stm32h750xx.o(.text) referenced from startup_stm32h750xx.o(RESET)
 <LI><a href="#[18]">DMA1_Stream3_IRQHandler</a> from startup_stm32h750xx.o(.text) referenced from startup_stm32h750xx.o(RESET)
 <LI><a href="#[19]">DMA1_Stream4_IRQHandler</a> from startup_stm32h750xx.o(.text) referenced from startup_stm32h750xx.o(RESET)
 <LI><a href="#[1a]">DMA1_Stream5_IRQHandler</a> from startup_stm32h750xx.o(.text) referenced from startup_stm32h750xx.o(RESET)
 <LI><a href="#[1b]">DMA1_Stream6_IRQHandler</a> from startup_stm32h750xx.o(.text) referenced from startup_stm32h750xx.o(RESET)
 <LI><a href="#[38]">DMA1_Stream7_IRQHandler</a> from startup_stm32h750xx.o(.text) referenced from startup_stm32h750xx.o(RESET)
 <LI><a href="#[5f]">DMA2D_IRQHandler</a> from startup_stm32h750xx.o(.text) referenced from startup_stm32h750xx.o(RESET)
 <LI><a href="#[41]">DMA2_Stream0_IRQHandler</a> from startup_stm32h750xx.o(.text) referenced from startup_stm32h750xx.o(RESET)
 <LI><a href="#[42]">DMA2_Stream1_IRQHandler</a> from startup_stm32h750xx.o(.text) referenced from startup_stm32h750xx.o(RESET)
 <LI><a href="#[43]">DMA2_Stream2_IRQHandler</a> from startup_stm32h750xx.o(.text) referenced from startup_stm32h750xx.o(RESET)
 <LI><a href="#[44]">DMA2_Stream3_IRQHandler</a> from startup_stm32h750xx.o(.text) referenced from startup_stm32h750xx.o(RESET)
 <LI><a href="#[45]">DMA2_Stream4_IRQHandler</a> from startup_stm32h750xx.o(.text) referenced from startup_stm32h750xx.o(RESET)
 <LI><a href="#[49]">DMA2_Stream5_IRQHandler</a> from startup_stm32h750xx.o(.text) referenced from startup_stm32h750xx.o(RESET)
 <LI><a href="#[4a]">DMA2_Stream6_IRQHandler</a> from startup_stm32h750xx.o(.text) referenced from startup_stm32h750xx.o(RESET)
 <LI><a href="#[4b]">DMA2_Stream7_IRQHandler</a> from startup_stm32h750xx.o(.text) referenced from startup_stm32h750xx.o(RESET)
 <LI><a href="#[6b]">DMAMUX1_OVR_IRQHandler</a> from startup_stm32h750xx.o(.text) referenced from startup_stm32h750xx.o(RESET)
 <LI><a href="#[83]">DMAMUX2_OVR_IRQHandler</a> from startup_stm32h750xx.o(.text) referenced from startup_stm32h750xx.o(RESET)
 <LI><a href="#[7]">DebugMon_Handler</a> from stm32h7xx_it.o(.text.DebugMon_Handler) referenced from startup_stm32h750xx.o(RESET)
 <LI><a href="#[93]">ECC_IRQHandler</a> from startup_stm32h750xx.o(.text) referenced from startup_stm32h750xx.o(RESET)
 <LI><a href="#[46]">ETH_IRQHandler</a> from startup_stm32h750xx.o(.text) referenced from startup_stm32h750xx.o(RESET)
 <LI><a href="#[47]">ETH_WKUP_IRQHandler</a> from startup_stm32h750xx.o(.text) referenced from startup_stm32h750xx.o(RESET)
 <LI><a href="#[10]">EXTI0_IRQHandler</a> from startup_stm32h750xx.o(.text) referenced from startup_stm32h750xx.o(RESET)
 <LI><a href="#[32]">EXTI15_10_IRQHandler</a> from startup_stm32h750xx.o(.text) referenced from startup_stm32h750xx.o(RESET)
 <LI><a href="#[11]">EXTI1_IRQHandler</a> from startup_stm32h750xx.o(.text) referenced from startup_stm32h750xx.o(RESET)
 <LI><a href="#[12]">EXTI2_IRQHandler</a> from startup_stm32h750xx.o(.text) referenced from startup_stm32h750xx.o(RESET)
 <LI><a href="#[13]">EXTI3_IRQHandler</a> from startup_stm32h750xx.o(.text) referenced from startup_stm32h750xx.o(RESET)
 <LI><a href="#[14]">EXTI4_IRQHandler</a> from startup_stm32h750xx.o(.text) referenced from startup_stm32h750xx.o(RESET)
 <LI><a href="#[21]">EXTI9_5_IRQHandler</a> from startup_stm32h750xx.o(.text) referenced from startup_stm32h750xx.o(RESET)
 <LI><a href="#[1d]">FDCAN1_IT0_IRQHandler</a> from startup_stm32h750xx.o(.text) referenced from startup_stm32h750xx.o(RESET)
 <LI><a href="#[1f]">FDCAN1_IT1_IRQHandler</a> from startup_stm32h750xx.o(.text) referenced from startup_stm32h750xx.o(RESET)
 <LI><a href="#[1e]">FDCAN2_IT0_IRQHandler</a> from startup_stm32h750xx.o(.text) referenced from startup_stm32h750xx.o(RESET)
 <LI><a href="#[20]">FDCAN2_IT1_IRQHandler</a> from startup_stm32h750xx.o(.text) referenced from startup_stm32h750xx.o(RESET)
 <LI><a href="#[48]">FDCAN_CAL_IRQHandler</a> from startup_stm32h750xx.o(.text) referenced from startup_stm32h750xx.o(RESET)
 <LI><a href="#[e]">FLASH_IRQHandler</a> from startup_stm32h750xx.o(.text) referenced from startup_stm32h750xx.o(RESET)
 <LI><a href="#[39]">FMC_IRQHandler</a> from startup_stm32h750xx.o(.text) referenced from startup_stm32h750xx.o(RESET)
 <LI><a href="#[56]">FPU_IRQHandler</a> from startup_stm32h750xx.o(.text) referenced from startup_stm32h750xx.o(RESET)
 <LI><a href="#[55]">HASH_RNG_IRQHandler</a> from startup_stm32h750xx.o(.text) referenced from startup_stm32h750xx.o(RESET)
 <LI><a href="#[72]">HRTIM1_FLT_IRQHandler</a> from startup_stm32h750xx.o(.text) referenced from startup_stm32h750xx.o(RESET)
 <LI><a href="#[6c]">HRTIM1_Master_IRQHandler</a> from startup_stm32h750xx.o(.text) referenced from startup_stm32h750xx.o(RESET)
 <LI><a href="#[6d]">HRTIM1_TIMA_IRQHandler</a> from startup_stm32h750xx.o(.text) referenced from startup_stm32h750xx.o(RESET)
 <LI><a href="#[6e]">HRTIM1_TIMB_IRQHandler</a> from startup_stm32h750xx.o(.text) referenced from startup_stm32h750xx.o(RESET)
 <LI><a href="#[6f]">HRTIM1_TIMC_IRQHandler</a> from startup_stm32h750xx.o(.text) referenced from startup_stm32h750xx.o(RESET)
 <LI><a href="#[70]">HRTIM1_TIMD_IRQHandler</a> from startup_stm32h750xx.o(.text) referenced from startup_stm32h750xx.o(RESET)
 <LI><a href="#[71]">HRTIM1_TIME_IRQHandler</a> from startup_stm32h750xx.o(.text) referenced from startup_stm32h750xx.o(RESET)
 <LI><a href="#[81]">HSEM1_IRQHandler</a> from startup_stm32h750xx.o(.text) referenced from startup_stm32h750xx.o(RESET)
 <LI><a href="#[2]">HardFault_Handler</a> from stm32h7xx_it.o(.text.HardFault_Handler) referenced from startup_stm32h750xx.o(RESET)
 <LI><a href="#[2a]">I2C1_ER_IRQHandler</a> from startup_stm32h750xx.o(.text) referenced from startup_stm32h750xx.o(RESET)
 <LI><a href="#[29]">I2C1_EV_IRQHandler</a> from startup_stm32h750xx.o(.text) referenced from startup_stm32h750xx.o(RESET)
 <LI><a href="#[2c]">I2C2_ER_IRQHandler</a> from startup_stm32h750xx.o(.text) referenced from startup_stm32h750xx.o(RESET)
 <LI><a href="#[2b]">I2C2_EV_IRQHandler</a> from startup_stm32h750xx.o(.text) referenced from startup_stm32h750xx.o(RESET)
 <LI><a href="#[4e]">I2C3_ER_IRQHandler</a> from startup_stm32h750xx.o(.text) referenced from startup_stm32h750xx.o(RESET)
 <LI><a href="#[4d]">I2C3_EV_IRQHandler</a> from startup_stm32h750xx.o(.text) referenced from startup_stm32h750xx.o(RESET)
 <LI><a href="#[65]">I2C4_ER_IRQHandler</a> from startup_stm32h750xx.o(.text) referenced from startup_stm32h750xx.o(RESET)
 <LI><a href="#[64]">I2C4_EV_IRQHandler</a> from startup_stm32h750xx.o(.text) referenced from startup_stm32h750xx.o(RESET)
 <LI><a href="#[7e]">JPEG_IRQHandler</a> from startup_stm32h750xx.o(.text) referenced from startup_stm32h750xx.o(RESET)
 <LI><a href="#[62]">LPTIM1_IRQHandler</a> from startup_stm32h750xx.o(.text) referenced from startup_stm32h750xx.o(RESET)
 <LI><a href="#[8d]">LPTIM2_IRQHandler</a> from startup_stm32h750xx.o(.text) referenced from startup_stm32h750xx.o(RESET)
 <LI><a href="#[8e]">LPTIM3_IRQHandler</a> from startup_stm32h750xx.o(.text) referenced from startup_stm32h750xx.o(RESET)
 <LI><a href="#[8f]">LPTIM4_IRQHandler</a> from startup_stm32h750xx.o(.text) referenced from startup_stm32h750xx.o(RESET)
 <LI><a href="#[90]">LPTIM5_IRQHandler</a> from startup_stm32h750xx.o(.text) referenced from startup_stm32h750xx.o(RESET)
 <LI><a href="#[91]">LPUART1_IRQHandler</a> from startup_stm32h750xx.o(.text) referenced from startup_stm32h750xx.o(RESET)
 <LI><a href="#[5e]">LTDC_ER_IRQHandler</a> from startup_stm32h750xx.o(.text) referenced from startup_stm32h750xx.o(RESET)
 <LI><a href="#[5d]">LTDC_IRQHandler</a> from stm32h7xx_it.o(.text.LTDC_IRQHandler) referenced from startup_stm32h750xx.o(RESET)
 <LI><a href="#[7d]">MDIOS_IRQHandler</a> from startup_stm32h750xx.o(.text) referenced from startup_stm32h750xx.o(RESET)
 <LI><a href="#[7c]">MDIOS_WKUP_IRQHandler</a> from startup_stm32h750xx.o(.text) referenced from startup_stm32h750xx.o(RESET)
 <LI><a href="#[7f]">MDMA_IRQHandler</a> from startup_stm32h750xx.o(.text) referenced from startup_stm32h750xx.o(RESET)
 <LI><a href="#[3]">MemManage_Handler</a> from stm32h7xx_it.o(.text.MemManage_Handler) referenced from startup_stm32h750xx.o(RESET)
 <LI><a href="#[1]">NMI_Handler</a> from stm32h7xx_it.o(.text.NMI_Handler) referenced from startup_stm32h750xx.o(RESET)
 <LI><a href="#[68]">OTG_FS_EP1_IN_IRQHandler</a> from startup_stm32h750xx.o(.text) referenced from startup_stm32h750xx.o(RESET)
 <LI><a href="#[67]">OTG_FS_EP1_OUT_IRQHandler</a> from startup_stm32h750xx.o(.text) referenced from startup_stm32h750xx.o(RESET)
 <LI><a href="#[6a]">OTG_FS_IRQHandler</a> from startup_stm32h750xx.o(.text) referenced from startup_stm32h750xx.o(RESET)
 <LI><a href="#[69]">OTG_FS_WKUP_IRQHandler</a> from startup_stm32h750xx.o(.text) referenced from startup_stm32h750xx.o(RESET)
 <LI><a href="#[50]">OTG_HS_EP1_IN_IRQHandler</a> from startup_stm32h750xx.o(.text) referenced from startup_stm32h750xx.o(RESET)
 <LI><a href="#[4f]">OTG_HS_EP1_OUT_IRQHandler</a> from startup_stm32h750xx.o(.text) referenced from startup_stm32h750xx.o(RESET)
 <LI><a href="#[52]">OTG_HS_IRQHandler</a> from startup_stm32h750xx.o(.text) referenced from startup_stm32h750xx.o(RESET)
 <LI><a href="#[51]">OTG_HS_WKUP_IRQHandler</a> from startup_stm32h750xx.o(.text) referenced from startup_stm32h750xx.o(RESET)
 <LI><a href="#[b]">PVD_AVD_IRQHandler</a> from startup_stm32h750xx.o(.text) referenced from startup_stm32h750xx.o(RESET)
 <LI><a href="#[8]">PendSV_Handler</a> from stm32h7xx_it.o(.text.PendSV_Handler) referenced from startup_stm32h750xx.o(RESET)
 <LI><a href="#[61]">QUADSPI_IRQHandler</a> from startup_stm32h750xx.o(.text) referenced from startup_stm32h750xx.o(RESET)
 <LI><a href="#[f]">RCC_IRQHandler</a> from startup_stm32h750xx.o(.text) referenced from startup_stm32h750xx.o(RESET)
 <LI><a href="#[33]">RTC_Alarm_IRQHandler</a> from startup_stm32h750xx.o(.text) referenced from startup_stm32h750xx.o(RESET)
 <LI><a href="#[d]">RTC_WKUP_IRQHandler</a> from startup_stm32h750xx.o(.text) referenced from startup_stm32h750xx.o(RESET)
 <LI><a href="#[0]">Reset_Handler</a> from startup_stm32h750xx.o(.text) referenced from startup_stm32h750xx.o(RESET)
 <LI><a href="#[5c]">SAI1_IRQHandler</a> from startup_stm32h750xx.o(.text) referenced from startup_stm32h750xx.o(RESET)
 <LI><a href="#[60]">SAI2_IRQHandler</a> from startup_stm32h750xx.o(.text) referenced from startup_stm32h750xx.o(RESET)
 <LI><a href="#[77]">SAI3_IRQHandler</a> from startup_stm32h750xx.o(.text) referenced from startup_stm32h750xx.o(RESET)
 <LI><a href="#[94]">SAI4_IRQHandler</a> from startup_stm32h750xx.o(.text) referenced from startup_stm32h750xx.o(RESET)
 <LI><a href="#[3a]">SDMMC1_IRQHandler</a> from startup_stm32h750xx.o(.text) referenced from startup_stm32h750xx.o(RESET)
 <LI><a href="#[80]">SDMMC2_IRQHandler</a> from startup_stm32h750xx.o(.text) referenced from startup_stm32h750xx.o(RESET)
 <LI><a href="#[66]">SPDIF_RX_IRQHandler</a> from startup_stm32h750xx.o(.text) referenced from startup_stm32h750xx.o(RESET)
 <LI><a href="#[2d]">SPI1_IRQHandler</a> from startup_stm32h750xx.o(.text) referenced from startup_stm32h750xx.o(RESET)
 <LI><a href="#[2e]">SPI2_IRQHandler</a> from startup_stm32h750xx.o(.text) referenced from startup_stm32h750xx.o(RESET)
 <LI><a href="#[3c]">SPI3_IRQHandler</a> from startup_stm32h750xx.o(.text) referenced from startup_stm32h750xx.o(RESET)
 <LI><a href="#[59]">SPI4_IRQHandler</a> from startup_stm32h750xx.o(.text) referenced from startup_stm32h750xx.o(RESET)
 <LI><a href="#[5a]">SPI5_IRQHandler</a> from startup_stm32h750xx.o(.text) referenced from startup_stm32h750xx.o(RESET)
 <LI><a href="#[5b]">SPI6_IRQHandler</a> from startup_stm32h750xx.o(.text) referenced from startup_stm32h750xx.o(RESET)
 <LI><a href="#[6]">SVC_Handler</a> from stm32h7xx_it.o(.text.SVC_Handler) referenced from startup_stm32h750xx.o(RESET)
 <LI><a href="#[78]">SWPMI1_IRQHandler</a> from startup_stm32h750xx.o(.text) referenced from startup_stm32h750xx.o(RESET)
 <LI><a href="#[9]">SysTick_Handler</a> from stm32h7xx_it.o(.text.SysTick_Handler) referenced from startup_stm32h750xx.o(RESET)
 <LI><a href="#[96]">SystemInit</a> from system_stm32h7xx.o(.text.SystemInit) referenced from startup_stm32h750xx.o(.text)
 <LI><a href="#[c]">TAMP_STAMP_IRQHandler</a> from startup_stm32h750xx.o(.text) referenced from startup_stm32h750xx.o(RESET)
 <LI><a href="#[79]">TIM15_IRQHandler</a> from startup_stm32h750xx.o(.text) referenced from startup_stm32h750xx.o(RESET)
 <LI><a href="#[7a]">TIM16_IRQHandler</a> from startup_stm32h750xx.o(.text) referenced from startup_stm32h750xx.o(RESET)
 <LI><a href="#[7b]">TIM17_IRQHandler</a> from startup_stm32h750xx.o(.text) referenced from startup_stm32h750xx.o(RESET)
 <LI><a href="#[22]">TIM1_BRK_IRQHandler</a> from startup_stm32h750xx.o(.text) referenced from startup_stm32h750xx.o(RESET)
 <LI><a href="#[25]">TIM1_CC_IRQHandler</a> from startup_stm32h750xx.o(.text) referenced from startup_stm32h750xx.o(RESET)
 <LI><a href="#[24]">TIM1_TRG_COM_IRQHandler</a> from startup_stm32h750xx.o(.text) referenced from startup_stm32h750xx.o(RESET)
 <LI><a href="#[23]">TIM1_UP_IRQHandler</a> from startup_stm32h750xx.o(.text) referenced from startup_stm32h750xx.o(RESET)
 <LI><a href="#[26]">TIM2_IRQHandler</a> from startup_stm32h750xx.o(.text) referenced from startup_stm32h750xx.o(RESET)
 <LI><a href="#[27]">TIM3_IRQHandler</a> from startup_stm32h750xx.o(.text) referenced from startup_stm32h750xx.o(RESET)
 <LI><a href="#[28]">TIM4_IRQHandler</a> from startup_stm32h750xx.o(.text) referenced from startup_stm32h750xx.o(RESET)
 <LI><a href="#[3b]">TIM5_IRQHandler</a> from startup_stm32h750xx.o(.text) referenced from startup_stm32h750xx.o(RESET)
 <LI><a href="#[3f]">TIM6_DAC_IRQHandler</a> from startup_stm32h750xx.o(.text) referenced from startup_stm32h750xx.o(RESET)
 <LI><a href="#[40]">TIM7_IRQHandler</a> from startup_stm32h750xx.o(.text) referenced from startup_stm32h750xx.o(RESET)
 <LI><a href="#[34]">TIM8_BRK_TIM12_IRQHandler</a> from startup_stm32h750xx.o(.text) referenced from startup_stm32h750xx.o(RESET)
 <LI><a href="#[37]">TIM8_CC_IRQHandler</a> from startup_stm32h750xx.o(.text) referenced from startup_stm32h750xx.o(RESET)
 <LI><a href="#[36]">TIM8_TRG_COM_TIM14_IRQHandler</a> from startup_stm32h750xx.o(.text) referenced from startup_stm32h750xx.o(RESET)
 <LI><a href="#[35]">TIM8_UP_TIM13_IRQHandler</a> from startup_stm32h750xx.o(.text) referenced from startup_stm32h750xx.o(RESET)
 <LI><a href="#[3d]">UART4_IRQHandler</a> from startup_stm32h750xx.o(.text) referenced from startup_stm32h750xx.o(RESET)
 <LI><a href="#[3e]">UART5_IRQHandler</a> from startup_stm32h750xx.o(.text) referenced from startup_stm32h750xx.o(RESET)
 <LI><a href="#[57]">UART7_IRQHandler</a> from startup_stm32h750xx.o(.text) referenced from startup_stm32h750xx.o(RESET)
 <LI><a href="#[58]">UART8_IRQHandler</a> from startup_stm32h750xx.o(.text) referenced from startup_stm32h750xx.o(RESET)
 <LI><a href="#[2f]">USART1_IRQHandler</a> from startup_stm32h750xx.o(.text) referenced from startup_stm32h750xx.o(RESET)
 <LI><a href="#[30]">USART2_IRQHandler</a> from startup_stm32h750xx.o(.text) referenced from startup_stm32h750xx.o(RESET)
 <LI><a href="#[31]">USART3_IRQHandler</a> from startup_stm32h750xx.o(.text) referenced from startup_stm32h750xx.o(RESET)
 <LI><a href="#[4c]">USART6_IRQHandler</a> from startup_stm32h750xx.o(.text) referenced from startup_stm32h750xx.o(RESET)
 <LI><a href="#[5]">UsageFault_Handler</a> from stm32h7xx_it.o(.text.UsageFault_Handler) referenced from startup_stm32h750xx.o(RESET)
 <LI><a href="#[95]">WAKEUP_PIN_IRQHandler</a> from startup_stm32h750xx.o(.text) referenced from startup_stm32h750xx.o(RESET)
 <LI><a href="#[a]">WWDG_IRQHandler</a> from startup_stm32h750xx.o(.text) referenced from startup_stm32h750xx.o(RESET)
 <LI><a href="#[97]">__main</a> from __main.o(!!!main) referenced from startup_stm32h750xx.o(.text)
 <LI><a href="#[a5]">_img_set_zoom_anim_cb</a> from lv_demo_music_main.o(.text._img_set_zoom_anim_cb) referenced 2 times from lv_demo_music_main.o(.text._lv_demo_music_main_create)
 <LI><a href="#[a5]">_img_set_zoom_anim_cb</a> from lv_demo_music_main.o(.text._img_set_zoom_anim_cb) referenced 2 times from lv_demo_music_main.o(.text.track_load)
 <LI><a href="#[c1]">_lv_disp_refr_timer</a> from lv_refr.o(.text._lv_disp_refr_timer) referenced 2 times from lv_hal_disp.o(.text.lv_disp_drv_register)
 <LI><a href="#[d8]">_lv_ll_get_head</a> from lv_ll.o(.text._lv_ll_get_head) referenced 4 times from lv_group.o(.text.lv_group_add_obj)
 <LI><a href="#[d8]">_lv_ll_get_head</a> from lv_ll.o(.text._lv_ll_get_head) referenced 2 times from lv_group.o(.text.lv_group_focus_next)
 <LI><a href="#[d8]">_lv_ll_get_head</a> from lv_ll.o(.text._lv_ll_get_head) referenced 2 times from lv_group.o(.text.lv_group_remove_obj)
 <LI><a href="#[d9]">_lv_ll_get_next</a> from lv_ll.o(.text._lv_ll_get_next) referenced 4 times from lv_group.o(.text.lv_group_add_obj)
 <LI><a href="#[d9]">_lv_ll_get_next</a> from lv_ll.o(.text._lv_ll_get_next) referenced 2 times from lv_group.o(.text.lv_group_focus_next)
 <LI><a href="#[d9]">_lv_ll_get_next</a> from lv_ll.o(.text._lv_ll_get_next) referenced 2 times from lv_group.o(.text.lv_group_remove_obj)
 <LI><a href="#[db]">_lv_ll_get_prev</a> from lv_ll.o(.text._lv_ll_get_prev) referenced 4 times from lv_group.o(.text.lv_group_add_obj)
 <LI><a href="#[db]">_lv_ll_get_prev</a> from lv_ll.o(.text._lv_ll_get_prev) referenced 2 times from lv_group.o(.text.lv_group_focus_prev)
 <LI><a href="#[db]">_lv_ll_get_prev</a> from lv_ll.o(.text._lv_ll_get_prev) referenced 2 times from lv_group.o(.text.lv_group_remove_obj)
 <LI><a href="#[da]">_lv_ll_get_tail</a> from lv_ll.o(.text._lv_ll_get_tail) referenced 4 times from lv_group.o(.text.lv_group_add_obj)
 <LI><a href="#[da]">_lv_ll_get_tail</a> from lv_ll.o(.text._lv_ll_get_tail) referenced 2 times from lv_group.o(.text.lv_group_focus_prev)
 <LI><a href="#[da]">_lv_ll_get_tail</a> from lv_ll.o(.text._lv_ll_get_tail) referenced 2 times from lv_group.o(.text.lv_group_remove_obj)
 <LI><a href="#[100]">_obj_set_x_anim_cb</a> from lv_demo_music_main.o(.text._obj_set_x_anim_cb) referenced 2 times from lv_demo_music_main.o(.text.track_load)
 <LI><a href="#[ea]">_out_buffer</a> from lv_printf.o(.text._out_buffer) referenced 2 times from lv_printf.o(.text.lv_snprintf)
 <LI><a href="#[ea]">_out_buffer</a> from lv_printf.o(.text._out_buffer) referenced 2 times from lv_printf.o(.text.lv_vsnprintf)
 <LI><a href="#[af]">_out_null</a> from lv_printf.o(.text._out_null) referenced 2 times from lv_printf.o(.text._vsnprintf)
 <LI><a href="#[ff]">album_fade_anim_cb</a> from lv_demo_music_main.o(.text.album_fade_anim_cb) referenced 2 times from lv_demo_music_main.o(.text.track_load)
 <LI><a href="#[b0]">album_gesture_event_cb</a> from lv_demo_music_main.o(.text.album_gesture_event_cb) referenced 2 times from lv_demo_music_main.o(.text.album_img_create)
 <LI><a href="#[98]">anim_timer</a> from lv_anim.o(.text.anim_timer) referenced 2 times from lv_anim.o(.text._lv_anim_core_init)
 <LI><a href="#[eb]">arc_anim_end_angle</a> from lv_spinner.o(.text.arc_anim_end_angle) referenced 2 times from lv_spinner.o(.text.lv_spinner_constructor)
 <LI><a href="#[ed]">arc_anim_start_angle</a> from lv_spinner.o(.text.arc_anim_start_angle) referenced 2 times from lv_spinner.o(.text.lv_spinner_constructor)
 <LI><a href="#[9b]">btn_click_event_cb</a> from lv_demo_music_list.o(.text.btn_click_event_cb) referenced 2 times from lv_demo_music_list.o(.text._lv_demo_music_list_create)
 <LI><a href="#[f0]">btns_value_changed_event_cb</a> from lv_tabview.o(.text.btns_value_changed_event_cb) referenced 2 times from lv_tabview.o(.text.lv_tabview_constructor)
 <LI><a href="#[102]">color_blend_true_color_additive</a> from lv_draw_sw_blend.o(.text.color_blend_true_color_additive) referenced from lv_draw_sw_blend.o(.rodata..Lswitch.table.lv_draw_sw_blend_basic.3)
 <LI><a href="#[104]">color_blend_true_color_multiply</a> from lv_draw_sw_blend.o(.text.color_blend_true_color_multiply) referenced from lv_draw_sw_blend.o(.rodata..Lswitch.table.lv_draw_sw_blend_basic.3)
 <LI><a href="#[103]">color_blend_true_color_subtractive</a> from lv_draw_sw_blend.o(.text.color_blend_true_color_subtractive) referenced from lv_draw_sw_blend.o(.rodata..Lswitch.table.lv_draw_sw_blend_basic.3)
 <LI><a href="#[f1]">cont_scroll_end_event_cb</a> from lv_tabview.o(.text.cont_scroll_end_event_cb) referenced 2 times from lv_tabview.o(.text.lv_tabview_constructor)
 <LI><a href="#[b8]">cursor_blink_anim_cb</a> from lv_textarea.o(.text.cursor_blink_anim_cb) referenced 4 times from lv_textarea.o(.text.label_event_cb)
 <LI><a href="#[b8]">cursor_blink_anim_cb</a> from lv_textarea.o(.text.cursor_blink_anim_cb) referenced 4 times from lv_textarea.o(.text.lv_textarea_constructor)
 <LI><a href="#[b8]">cursor_blink_anim_cb</a> from lv_textarea.o(.text.cursor_blink_anim_cb) referenced 4 times from lv_textarea.o(.text.lv_textarea_event)
 <LI><a href="#[b8]">cursor_blink_anim_cb</a> from lv_textarea.o(.text.cursor_blink_anim_cb) referenced 4 times from lv_textarea.o(.text.lv_textarea_set_cursor_pos)
 <LI><a href="#[fd]">dark_color_filter_cb</a> from lv_theme_default.o(.text.dark_color_filter_cb) referenced 2 times from lv_theme_default.o(.text.style_init)
 <LI><a href="#[e7]">disp_flush</a> from lv_port_disp_template.o(.text.disp_flush) referenced 2 times from lv_port_disp_template.o(.text.lv_port_disp_init)
 <LI><a href="#[bf]">draw_part_begin_event_cb</a> from lv_calendar.o(.text.draw_part_begin_event_cb) referenced 2 times from lv_calendar.o(.text.lv_calendar_constructor)
 <LI><a href="#[e2]">fade_anim_cb</a> from lv_obj_style.o(.text.fade_anim_cb) referenced 2 times from lv_obj_style.o(.text.lv_obj_fade_in)
 <LI><a href="#[e2]">fade_anim_cb</a> from lv_obj_style.o(.text.fade_anim_cb) referenced 2 times from lv_obj_style.o(.text.lv_obj_fade_out)
 <LI><a href="#[e3]">fade_in_anim_ready</a> from lv_obj_style.o(.text.fade_in_anim_ready) referenced 2 times from lv_obj_style.o(.text.lv_obj_fade_in)
 <LI><a href="#[d4]">flex_update</a> from lv_flex.o(.text.flex_update) referenced 2 times from lv_flex.o(.text.lv_flex_init)
 <LI><a href="#[fe]">grey_filter_cb</a> from lv_theme_default.o(.text.grey_filter_cb) referenced 2 times from lv_theme_default.o(.text.style_init)
 <LI><a href="#[d7]">grid_update</a> from lv_grid.o(.text.grid_update) referenced 2 times from lv_grid.o(.text.lv_grid_init)
 <LI><a href="#[d6]">kern_pair_16_compare</a> from lv_font_fmt_txt.o(.text.kern_pair_16_compare) referenced 2 times from lv_font_fmt_txt.o(.text.lv_font_get_glyph_dsc_fmt_txt)
 <LI><a href="#[d5]">kern_pair_8_compare</a> from lv_font_fmt_txt.o(.text.kern_pair_8_compare) referenced 2 times from lv_font_fmt_txt.o(.text.lv_font_get_glyph_dsc_fmt_txt)
 <LI><a href="#[f4]">label_event_cb</a> from lv_textarea.o(.text.label_event_cb) referenced 2 times from lv_textarea.o(.text.lv_textarea_constructor)
 <LI><a href="#[a2]">lv_anim_path_bounce</a> from lv_anim.o(.text.lv_anim_path_bounce) referenced 2 times from lv_demo_music_main.o(.text._lv_demo_music_main_create)
 <LI><a href="#[a6]">lv_anim_path_ease_in</a> from lv_anim.o(.text.lv_anim_path_ease_in) referenced 2 times from lv_demo_music_main.o(.text._lv_demo_music_main_create)
 <LI><a href="#[ec]">lv_anim_path_ease_in_out</a> from lv_anim.o(.text.lv_anim_path_ease_in_out) referenced 2 times from lv_spinner.o(.text.lv_spinner_constructor)
 <LI><a href="#[a4]">lv_anim_path_ease_out</a> from lv_anim.o(.text.lv_anim_path_ease_out) referenced 2 times from lv_demo_music_main.o(.text._lv_demo_music_main_create)
 <LI><a href="#[a4]">lv_anim_path_ease_out</a> from lv_anim.o(.text.lv_anim_path_ease_out) referenced 2 times from lv_obj_scroll.o(.text.lv_obj_scroll_by)
 <LI><a href="#[a4]">lv_anim_path_ease_out</a> from lv_anim.o(.text.lv_anim_path_ease_out) referenced 2 times from lv_roller.o(.text.refr_position)
 <LI><a href="#[a4]">lv_anim_path_ease_out</a> from lv_anim.o(.text.lv_anim_path_ease_out) referenced 2 times from lv_demo_music_main.o(.text.track_load)
 <LI><a href="#[ba]">lv_anim_path_linear</a> from lv_anim.o(.text.lv_anim_path_linear) referenced 2 times from lv_anim.o(.text.lv_anim_init)
 <LI><a href="#[ba]">lv_anim_path_linear</a> from lv_anim.o(.text.lv_anim_path_linear) referenced 2 times from lv_style.o(.text.lv_style_transition_dsc_init)
 <LI><a href="#[ba]">lv_anim_path_linear</a> from lv_anim.o(.text.lv_anim_path_linear) referenced 2 times from lv_theme_default.o(.text.style_init)
 <LI><a href="#[ba]">lv_anim_path_linear</a> from lv_anim.o(.text.lv_anim_path_linear) referenced 2 times from lv_demo_music_main.o(.text.track_load)
 <LI><a href="#[101]">lv_anim_path_overshoot</a> from lv_anim.o(.text.lv_anim_path_overshoot) referenced 2 times from lv_demo_music_main.o(.text.track_load)
 <LI><a href="#[b9]">lv_anim_path_step</a> from lv_anim.o(.text.lv_anim_path_step) referenced 2 times from lv_textarea.o(.text.label_event_cb)
 <LI><a href="#[b9]">lv_anim_path_step</a> from lv_anim.o(.text.lv_anim_path_step) referenced 2 times from lv_textarea.o(.text.lv_textarea_add_char)
 <LI><a href="#[b9]">lv_anim_path_step</a> from lv_anim.o(.text.lv_anim_path_step) referenced 2 times from lv_textarea.o(.text.lv_textarea_add_text)
 <LI><a href="#[b9]">lv_anim_path_step</a> from lv_anim.o(.text.lv_anim_path_step) referenced 2 times from lv_textarea.o(.text.lv_textarea_constructor)
 <LI><a href="#[b9]">lv_anim_path_step</a> from lv_anim.o(.text.lv_anim_path_step) referenced 2 times from lv_textarea.o(.text.lv_textarea_event)
 <LI><a href="#[b9]">lv_anim_path_step</a> from lv_anim.o(.text.lv_anim_path_step) referenced 2 times from lv_textarea.o(.text.lv_textarea_set_cursor_pos)
 <LI><a href="#[b9]">lv_anim_path_step</a> from lv_anim.o(.text.lv_anim_path_step) referenced 2 times from lv_textarea.o(.text.lv_textarea_set_text)
 <LI><a href="#[105]">lv_arc_constructor</a> from lv_arc.o(.text.lv_arc_constructor) referenced from lv_arc.o(.rodata.lv_arc_class)
 <LI><a href="#[106]">lv_arc_event</a> from lv_arc.o(.text.lv_arc_event) referenced from lv_arc.o(.rodata.lv_arc_class)
 <LI><a href="#[b4]">lv_area_get_height</a> from lv_flex.o(.text.lv_area_get_height) referenced 2 times from lv_flex.o(.text.children_repos)
 <LI><a href="#[bc]">lv_area_get_height</a> from lv_bar.o(.text.lv_area_get_height) referenced 2 times from lv_bar.o(.text.lv_bar_event)
 <LI><a href="#[b3]">lv_area_get_width</a> from lv_flex.o(.text.lv_area_get_width) referenced 2 times from lv_flex.o(.text.children_repos)
 <LI><a href="#[bb]">lv_area_get_width</a> from lv_bar.o(.text.lv_area_get_width) referenced 2 times from lv_bar.o(.text.lv_bar_event)
 <LI><a href="#[b1]">lv_area_set_height</a> from lv_area.o(.text.lv_area_set_height) referenced 2 times from lv_flex.o(.text.children_repos)
 <LI><a href="#[b2]">lv_area_set_width</a> from lv_area.o(.text.lv_area_set_width) referenced 2 times from lv_flex.o(.text.children_repos)
 <LI><a href="#[bd]">lv_bar_anim</a> from lv_bar.o(.text.lv_bar_anim) referenced 2 times from lv_bar.o(.text.lv_bar_set_start_value)
 <LI><a href="#[bd]">lv_bar_anim</a> from lv_bar.o(.text.lv_bar_anim) referenced 2 times from lv_bar.o(.text.lv_bar_set_value)
 <LI><a href="#[be]">lv_bar_anim_ready</a> from lv_bar.o(.text.lv_bar_anim_ready) referenced 2 times from lv_bar.o(.text.lv_bar_set_start_value)
 <LI><a href="#[be]">lv_bar_anim_ready</a> from lv_bar.o(.text.lv_bar_anim_ready) referenced 2 times from lv_bar.o(.text.lv_bar_set_value)
 <LI><a href="#[107]">lv_bar_constructor</a> from lv_bar.o(.text.lv_bar_constructor) referenced from lv_bar.o(.rodata.lv_bar_class)
 <LI><a href="#[108]">lv_bar_destructor</a> from lv_bar.o(.text.lv_bar_destructor) referenced from lv_bar.o(.rodata.lv_bar_class)
 <LI><a href="#[109]">lv_bar_event</a> from lv_bar.o(.text.lv_bar_event) referenced from lv_bar.o(.rodata.lv_bar_class)
 <LI><a href="#[10a]">lv_btn_constructor</a> from lv_btn.o(.text.lv_btn_constructor) referenced from lv_btn.o(.rodata.lv_btn_class)
 <LI><a href="#[10b]">lv_btnmatrix_constructor</a> from lv_btnmatrix.o(.text.lv_btnmatrix_constructor) referenced from lv_btnmatrix.o(.rodata.lv_btnmatrix_class)
 <LI><a href="#[10c]">lv_btnmatrix_destructor</a> from lv_btnmatrix.o(.text.lv_btnmatrix_destructor) referenced from lv_btnmatrix.o(.rodata.lv_btnmatrix_class)
 <LI><a href="#[10d]">lv_btnmatrix_event</a> from lv_btnmatrix.o(.text.lv_btnmatrix_event) referenced from lv_btnmatrix.o(.rodata.lv_btnmatrix_class)
 <LI><a href="#[10e]">lv_calendar_constructor</a> from lv_calendar.o(.text.lv_calendar_constructor) referenced from lv_calendar.o(.rodata.lv_calendar_class)
 <LI><a href="#[111]">lv_chart_constructor</a> from lv_chart.o(.text.lv_chart_constructor) referenced from lv_chart.o(.rodata.lv_chart_class)
 <LI><a href="#[112]">lv_chart_destructor</a> from lv_chart.o(.text.lv_chart_destructor) referenced from lv_chart.o(.rodata.lv_chart_class)
 <LI><a href="#[113]">lv_chart_event</a> from lv_chart.o(.text.lv_chart_event) referenced from lv_chart.o(.rodata.lv_chart_class)
 <LI><a href="#[114]">lv_checkbox_constructor</a> from lv_checkbox.o(.text.lv_checkbox_constructor) referenced from lv_checkbox.o(.rodata.lv_checkbox_class)
 <LI><a href="#[115]">lv_checkbox_destructor</a> from lv_checkbox.o(.text.lv_checkbox_destructor) referenced from lv_checkbox.o(.rodata.lv_checkbox_class)
 <LI><a href="#[116]">lv_checkbox_event</a> from lv_checkbox.o(.text.lv_checkbox_event) referenced from lv_checkbox.o(.rodata.lv_checkbox_class)
 <LI><a href="#[117]">lv_colorwheel_constructor</a> from lv_colorwheel.o(.text.lv_colorwheel_constructor) referenced from lv_colorwheel.o(.rodata.lv_colorwheel_class)
 <LI><a href="#[118]">lv_colorwheel_event</a> from lv_colorwheel.o(.text.lv_colorwheel_event) referenced from lv_colorwheel.o(.rodata.lv_colorwheel_class)
 <LI><a href="#[c2]">lv_draw_mask_angle</a> from lv_draw_mask.o(.text.lv_draw_mask_angle) referenced 2 times from lv_draw_mask.o(.text.lv_draw_mask_angle_init)
 <LI><a href="#[c3]">lv_draw_mask_line</a> from lv_draw_mask.o(.text.lv_draw_mask_line) referenced 2 times from lv_draw_mask.o(.text.lv_draw_mask_line_points_init)
 <LI><a href="#[c4]">lv_draw_mask_radius</a> from lv_draw_mask.o(.text.lv_draw_mask_radius) referenced 2 times from lv_draw_mask.o(.text.lv_draw_mask_radius_init)
 <LI><a href="#[c6]">lv_draw_sw_arc</a> from lv_draw_sw_arc.o(.text.lv_draw_sw_arc) referenced 2 times from lv_draw_sw.o(.text.lv_draw_sw_init_ctx)
 <LI><a href="#[cc]">lv_draw_sw_bg</a> from lv_draw_sw_rect.o(.text.lv_draw_sw_bg) referenced 2 times from lv_draw_sw.o(.text.lv_draw_sw_init_ctx)
 <LI><a href="#[d0]">lv_draw_sw_blend_basic</a> from lv_draw_sw_blend.o(.text.lv_draw_sw_blend_basic) referenced 2 times from lv_draw_sw.o(.text.lv_draw_sw_init_ctx)
 <LI><a href="#[ce]">lv_draw_sw_buffer_copy</a> from lv_draw_sw.o(.text.lv_draw_sw_buffer_copy) referenced 2 times from lv_draw_sw.o(.text.lv_draw_sw_init_ctx)
 <LI><a href="#[c7]">lv_draw_sw_img_decoded</a> from lv_draw_sw_img.o(.text.lv_draw_sw_img_decoded) referenced 2 times from lv_draw_sw.o(.text.lv_draw_sw_init_ctx)
 <LI><a href="#[c0]">lv_draw_sw_init_ctx</a> from lv_draw_sw.o(.text.lv_draw_sw_init_ctx) referenced 2 times from lv_hal_disp.o(.text.lv_disp_drv_init)
 <LI><a href="#[d1]">lv_draw_sw_layer_adjust</a> from lv_draw_sw_layer.o(.text.lv_draw_sw_layer_adjust) referenced 2 times from lv_draw_sw.o(.text.lv_draw_sw_init_ctx)
 <LI><a href="#[d2]">lv_draw_sw_layer_blend</a> from lv_draw_sw_layer.o(.text.lv_draw_sw_layer_blend) referenced 2 times from lv_draw_sw.o(.text.lv_draw_sw_init_ctx)
 <LI><a href="#[cf]">lv_draw_sw_layer_create</a> from lv_draw_sw_layer.o(.text.lv_draw_sw_layer_create) referenced 2 times from lv_draw_sw.o(.text.lv_draw_sw_init_ctx)
 <LI><a href="#[d3]">lv_draw_sw_layer_destroy</a> from lv_draw_sw_layer.o(.text.lv_draw_sw_layer_destroy) referenced 2 times from lv_draw_sw.o(.text.lv_draw_sw_init_ctx)
 <LI><a href="#[c8]">lv_draw_sw_letter</a> from lv_draw_sw_letter.o(.text.lv_draw_sw_letter) referenced 2 times from lv_draw_sw.o(.text.lv_draw_sw_init_ctx)
 <LI><a href="#[c9]">lv_draw_sw_line</a> from lv_draw_sw_line.o(.text.lv_draw_sw_line) referenced 2 times from lv_draw_sw.o(.text.lv_draw_sw_init_ctx)
 <LI><a href="#[ca]">lv_draw_sw_polygon</a> from lv_draw_sw_polygon.o(.text.lv_draw_sw_polygon) referenced 2 times from lv_draw_sw.o(.text.lv_draw_sw_init_ctx)
 <LI><a href="#[c5]">lv_draw_sw_rect</a> from lv_draw_sw_rect.o(.text.lv_draw_sw_rect) referenced 2 times from lv_draw_sw.o(.text.lv_draw_sw_init_ctx)
 <LI><a href="#[cb]">lv_draw_sw_transform</a> from lv_draw_sw_transform.o(.text.lv_draw_sw_transform) referenced 2 times from lv_draw_sw.o(.text.lv_draw_sw_init_ctx)
 <LI><a href="#[cd]">lv_draw_sw_wait_for_finish</a> from lv_draw_sw.o(.text.lv_draw_sw_wait_for_finish) referenced 2 times from lv_draw_sw.o(.text.lv_draw_sw_init_ctx)
 <LI><a href="#[119]">lv_dropdown_constructor</a> from lv_dropdown.o(.text.lv_dropdown_constructor) referenced from lv_dropdown.o(.rodata.lv_dropdown_class)
 <LI><a href="#[11a]">lv_dropdown_destructor</a> from lv_dropdown.o(.text.lv_dropdown_destructor) referenced from lv_dropdown.o(.rodata.lv_dropdown_class)
 <LI><a href="#[11b]">lv_dropdown_event</a> from lv_dropdown.o(.text.lv_dropdown_event) referenced from lv_dropdown.o(.rodata.lv_dropdown_class)
 <LI><a href="#[11e]">lv_dropdown_list_event</a> from lv_dropdown.o(.text.lv_dropdown_list_event) referenced from lv_dropdown.o(.rodata.lv_dropdownlist_class)
 <LI><a href="#[11c]">lv_dropdownlist_constructor</a> from lv_dropdown.o(.text.lv_dropdownlist_constructor) referenced from lv_dropdown.o(.rodata.lv_dropdownlist_class)
 <LI><a href="#[11d]">lv_dropdownlist_destructor</a> from lv_dropdown.o(.text.lv_dropdownlist_destructor) referenced from lv_dropdown.o(.rodata.lv_dropdownlist_class)
 <LI><a href="#[120]">lv_font_get_bitmap_fmt_txt</a> from lv_font_fmt_txt.o(.text.lv_font_get_bitmap_fmt_txt) referenced from lv_font_montserrat_14.o(.rodata.lv_font_montserrat_14)
 <LI><a href="#[120]">lv_font_get_bitmap_fmt_txt</a> from lv_font_fmt_txt.o(.text.lv_font_get_bitmap_fmt_txt) referenced from lv_font_montserrat_16.o(.rodata.lv_font_montserrat_16)
 <LI><a href="#[120]">lv_font_get_bitmap_fmt_txt</a> from lv_font_fmt_txt.o(.text.lv_font_get_bitmap_fmt_txt) referenced from lv_font_montserrat_22.o(.rodata.lv_font_montserrat_22)
 <LI><a href="#[120]">lv_font_get_bitmap_fmt_txt</a> from lv_font_fmt_txt.o(.text.lv_font_get_bitmap_fmt_txt) referenced from lv_font_montserrat_32.o(.rodata.lv_font_montserrat_32)
 <LI><a href="#[11f]">lv_font_get_glyph_dsc_fmt_txt</a> from lv_font_fmt_txt.o(.text.lv_font_get_glyph_dsc_fmt_txt) referenced from lv_font_montserrat_14.o(.rodata.lv_font_montserrat_14)
 <LI><a href="#[11f]">lv_font_get_glyph_dsc_fmt_txt</a> from lv_font_fmt_txt.o(.text.lv_font_get_glyph_dsc_fmt_txt) referenced from lv_font_montserrat_16.o(.rodata.lv_font_montserrat_16)
 <LI><a href="#[11f]">lv_font_get_glyph_dsc_fmt_txt</a> from lv_font_fmt_txt.o(.text.lv_font_get_glyph_dsc_fmt_txt) referenced from lv_font_montserrat_22.o(.rodata.lv_font_montserrat_22)
 <LI><a href="#[11f]">lv_font_get_glyph_dsc_fmt_txt</a> from lv_font_fmt_txt.o(.text.lv_font_get_glyph_dsc_fmt_txt) referenced from lv_font_montserrat_32.o(.rodata.lv_font_montserrat_32)
 <LI><a href="#[121]">lv_img_constructor</a> from lv_img.o(.text.lv_img_constructor) referenced from lv_img.o(.rodata.lv_img_class)
 <LI><a href="#[ab]">lv_img_decoder_built_in_close</a> from lv_img_decoder.o(.text.lv_img_decoder_built_in_close) referenced 2 times from lv_img_decoder.o(.text._lv_img_decoder_init)
 <LI><a href="#[a8]">lv_img_decoder_built_in_info</a> from lv_img_decoder.o(.text.lv_img_decoder_built_in_info) referenced 2 times from lv_img_decoder.o(.text._lv_img_decoder_init)
 <LI><a href="#[a9]">lv_img_decoder_built_in_open</a> from lv_img_decoder.o(.text.lv_img_decoder_built_in_open) referenced 2 times from lv_img_decoder.o(.text._lv_img_decoder_init)
 <LI><a href="#[aa]">lv_img_decoder_built_in_read_line</a> from lv_img_decoder.o(.text.lv_img_decoder_built_in_read_line) referenced 2 times from lv_img_decoder.o(.text._lv_img_decoder_init)
 <LI><a href="#[122]">lv_img_destructor</a> from lv_img.o(.text.lv_img_destructor) referenced from lv_img.o(.rodata.lv_img_class)
 <LI><a href="#[123]">lv_img_event</a> from lv_img.o(.text.lv_img_event) referenced from lv_img.o(.rodata.lv_img_class)
 <LI><a href="#[124]">lv_imgbtn_constructor</a> from lv_imgbtn.o(.text.lv_imgbtn_constructor) referenced from lv_imgbtn.o(.rodata.lv_imgbtn_class)
 <LI><a href="#[125]">lv_imgbtn_event</a> from lv_imgbtn.o(.text.lv_imgbtn_event) referenced from lv_imgbtn.o(.rodata.lv_imgbtn_class)
 <LI><a href="#[dc]">lv_indev_read_timer_cb</a> from lv_indev.o(.text.lv_indev_read_timer_cb) referenced 2 times from lv_hal_indev.o(.text.lv_indev_drv_register)
 <LI><a href="#[126]">lv_keyboard_constructor</a> from lv_keyboard.o(.text.lv_keyboard_constructor) referenced from lv_keyboard.o(.rodata.lv_keyboard_class)
 <LI><a href="#[dd]">lv_keyboard_def_event_cb</a> from lv_keyboard.o(.text.lv_keyboard_def_event_cb) referenced 2 times from lv_keyboard.o(.text.lv_keyboard_constructor)
 <LI><a href="#[127]">lv_label_constructor</a> from lv_label.o(.text.lv_label_constructor) referenced from lv_label.o(.rodata.lv_label_class)
 <LI><a href="#[128]">lv_label_destructor</a> from lv_label.o(.text.lv_label_destructor) referenced from lv_label.o(.rodata.lv_label_class)
 <LI><a href="#[129]">lv_label_event</a> from lv_label.o(.text.lv_label_event) referenced from lv_label.o(.rodata.lv_label_class)
 <LI><a href="#[12a]">lv_led_constructor</a> from lv_led.o(.text.lv_led_constructor) referenced from lv_led.o(.rodata.lv_led_class)
 <LI><a href="#[12b]">lv_led_event</a> from lv_led.o(.text.lv_led_event) referenced from lv_led.o(.rodata.lv_led_class)
 <LI><a href="#[12c]">lv_line_constructor</a> from lv_line.o(.text.lv_line_constructor) referenced from lv_line.o(.rodata.lv_line_class)
 <LI><a href="#[12d]">lv_line_event</a> from lv_line.o(.text.lv_line_event) referenced from lv_line.o(.rodata.lv_line_class)
 <LI><a href="#[e0]">lv_menu_back_event_cb</a> from lv_menu.o(.text.lv_menu_back_event_cb) referenced 2 times from lv_menu.o(.text.lv_menu_constructor)
 <LI><a href="#[12e]">lv_menu_constructor</a> from lv_menu.o(.text.lv_menu_constructor) referenced from lv_menu.o(.rodata.lv_menu_class)
 <LI><a href="#[130]">lv_menu_cont_constructor</a> from lv_menu.o(.text.lv_menu_cont_constructor) referenced from lv_menu.o(.rodata.lv_menu_cont_class)
 <LI><a href="#[12f]">lv_menu_destructor</a> from lv_menu.o(.text.lv_menu_destructor) referenced from lv_menu.o(.rodata.lv_menu_class)
 <LI><a href="#[131]">lv_menu_page_constructor</a> from lv_menu.o(.text.lv_menu_page_constructor) referenced from lv_menu.o(.rodata.lv_menu_page_class)
 <LI><a href="#[132]">lv_menu_page_destructor</a> from lv_menu.o(.text.lv_menu_page_destructor) referenced from lv_menu.o(.rodata.lv_menu_page_class)
 <LI><a href="#[133]">lv_menu_section_constructor</a> from lv_menu.o(.text.lv_menu_section_constructor) referenced from lv_menu.o(.rodata.lv_menu_section_class)
 <LI><a href="#[e1]">lv_menu_value_changed_event_cb</a> from lv_menu.o(.text.lv_menu_value_changed_event_cb) referenced 2 times from lv_menu.o(.text.lv_menu_constructor)
 <LI><a href="#[134]">lv_meter_constructor</a> from lv_meter.o(.text.lv_meter_constructor) referenced from lv_meter.o(.rodata.lv_meter_class)
 <LI><a href="#[135]">lv_meter_destructor</a> from lv_meter.o(.text.lv_meter_destructor) referenced from lv_meter.o(.rodata.lv_meter_class)
 <LI><a href="#[136]">lv_meter_event</a> from lv_meter.o(.text.lv_meter_event) referenced from lv_meter.o(.rodata.lv_meter_class)
 <LI><a href="#[137]">lv_obj_constructor</a> from lv_obj.o(.text.lv_obj_constructor) referenced from lv_obj.o(.rodata.lv_obj_class)
 <LI><a href="#[a7]">lv_obj_del_anim_ready_cb</a> from lv_obj_tree.o(.text.lv_obj_del_anim_ready_cb) referenced 2 times from lv_demo_music_main.o(.text._lv_demo_music_main_create)
 <LI><a href="#[a7]">lv_obj_del_anim_ready_cb</a> from lv_obj_tree.o(.text.lv_obj_del_anim_ready_cb) referenced 2 times from lv_demo_music_main.o(.text.track_load)
 <LI><a href="#[138]">lv_obj_destructor</a> from lv_obj.o(.text.lv_obj_destructor) referenced from lv_obj.o(.rodata.lv_obj_class)
 <LI><a href="#[139]">lv_obj_event</a> from lv_obj.o(.text.lv_obj_event) referenced from lv_obj.o(.rodata.lv_obj_class)
 <LI><a href="#[b6]">lv_obj_get_height</a> from lv_obj_pos.o(.text.lv_obj_get_height) referenced 2 times from lv_flex.o(.text.find_track_end)
 <LI><a href="#[b5]">lv_obj_get_width</a> from lv_obj_pos.o(.text.lv_obj_get_width) referenced 2 times from lv_flex.o(.text.find_track_end)
 <LI><a href="#[13a]">lv_roller_constructor</a> from lv_roller.o(.text.lv_roller_constructor) referenced from lv_roller.o(.rodata.lv_roller_class)
 <LI><a href="#[13b]">lv_roller_event</a> from lv_roller.o(.text.lv_roller_event) referenced from lv_roller.o(.rodata.lv_roller_class)
 <LI><a href="#[13c]">lv_roller_label_event</a> from lv_roller.o(.text.lv_roller_label_event) referenced from lv_roller.o(.rodata.lv_roller_label_class)
 <LI><a href="#[13d]">lv_slider_constructor</a> from lv_slider.o(.text.lv_slider_constructor) referenced from lv_slider.o(.rodata.lv_slider_class)
 <LI><a href="#[13e]">lv_slider_event</a> from lv_slider.o(.text.lv_slider_event) referenced from lv_slider.o(.rodata.lv_slider_class)
 <LI><a href="#[13f]">lv_spinbox_constructor</a> from lv_spinbox.o(.text.lv_spinbox_constructor) referenced from lv_spinbox.o(.rodata.lv_spinbox_class)
 <LI><a href="#[140]">lv_spinbox_event</a> from lv_spinbox.o(.text.lv_spinbox_event) referenced from lv_spinbox.o(.rodata.lv_spinbox_class)
 <LI><a href="#[141]">lv_spinner_constructor</a> from lv_spinner.o(.text.lv_spinner_constructor) referenced from lv_spinner.o(.rodata.lv_spinner_class)
 <LI><a href="#[ee]">lv_switch_anim_exec_cb</a> from lv_switch.o(.text.lv_switch_anim_exec_cb) referenced 2 times from lv_switch.o(.text.lv_switch_event)
 <LI><a href="#[ef]">lv_switch_anim_ready</a> from lv_switch.o(.text.lv_switch_anim_ready) referenced 2 times from lv_switch.o(.text.lv_switch_event)
 <LI><a href="#[142]">lv_switch_constructor</a> from lv_switch.o(.text.lv_switch_constructor) referenced from lv_switch.o(.rodata.lv_switch_class)
 <LI><a href="#[143]">lv_switch_destructor</a> from lv_switch.o(.text.lv_switch_destructor) referenced from lv_switch.o(.rodata.lv_switch_class)
 <LI><a href="#[144]">lv_switch_event</a> from lv_switch.o(.text.lv_switch_event) referenced from lv_switch.o(.rodata.lv_switch_class)
 <LI><a href="#[145]">lv_table_constructor</a> from lv_table.o(.text.lv_table_constructor) referenced from lv_table.o(.rodata.lv_table_class)
 <LI><a href="#[146]">lv_table_destructor</a> from lv_table.o(.text.lv_table_destructor) referenced from lv_table.o(.rodata.lv_table_class)
 <LI><a href="#[147]">lv_table_event</a> from lv_table.o(.text.lv_table_event) referenced from lv_table.o(.rodata.lv_table_class)
 <LI><a href="#[148]">lv_tabview_constructor</a> from lv_tabview.o(.text.lv_tabview_constructor) referenced from lv_tabview.o(.rodata.lv_tabview_class)
 <LI><a href="#[149]">lv_tabview_destructor</a> from lv_tabview.o(.text.lv_tabview_destructor) referenced from lv_tabview.o(.rodata.lv_tabview_class)
 <LI><a href="#[14a]">lv_tabview_event</a> from lv_tabview.o(.text.lv_tabview_event) referenced from lv_tabview.o(.rodata.lv_tabview_class)
 <LI><a href="#[14b]">lv_textarea_constructor</a> from lv_textarea.o(.text.lv_textarea_constructor) referenced from lv_textarea.o(.rodata.lv_textarea_class)
 <LI><a href="#[14c]">lv_textarea_destructor</a> from lv_textarea.o(.text.lv_textarea_destructor) referenced from lv_textarea.o(.rodata.lv_textarea_class)
 <LI><a href="#[14d]">lv_textarea_event</a> from lv_textarea.o(.text.lv_textarea_event) referenced from lv_textarea.o(.rodata.lv_textarea_class)
 <LI><a href="#[14e]">lv_tileview_constructor</a> from lv_tileview.o(.text.lv_tileview_constructor) referenced from lv_tileview.o(.rodata.lv_tileview_class)
 <LI><a href="#[14f]">lv_tileview_tile_constructor</a> from lv_tileview.o(.text.lv_tileview_tile_constructor) referenced from lv_tileview.o(.rodata.lv_tileview_tile_class)
 <LI><a href="#[157]">lv_txt_unicode_to_utf8</a> from lv_txt.o(.text.lv_txt_unicode_to_utf8) referenced from lv_txt.o(.data._lv_txt_unicode_to_encoded)
 <LI><a href="#[153]">lv_txt_utf8_get_byte_id</a> from lv_txt.o(.text.lv_txt_utf8_get_byte_id) referenced from lv_txt.o(.data._lv_txt_encoded_get_byte_id)
 <LI><a href="#[154]">lv_txt_utf8_get_char_id</a> from lv_txt.o(.text.lv_txt_utf8_get_char_id) referenced from lv_txt.o(.data._lv_txt_encoded_get_char_id)
 <LI><a href="#[156]">lv_txt_utf8_get_length</a> from lv_txt.o(.text.lv_txt_utf8_get_length) referenced from lv_txt.o(.data._lv_txt_get_encoded_length)
 <LI><a href="#[152]">lv_txt_utf8_next</a> from lv_txt.o(.text.lv_txt_utf8_next) referenced from lv_txt.o(.data..L_MergedGlobals)
 <LI><a href="#[155]">lv_txt_utf8_prev</a> from lv_txt.o(.text.lv_txt_utf8_prev) referenced from lv_txt.o(.data._lv_txt_encoded_prev)
 <LI><a href="#[151]">lv_txt_utf8_size</a> from lv_txt.o(.text.lv_txt_utf8_size) referenced from lv_txt.o(.data..L_MergedGlobals)
 <LI><a href="#[150]">lv_win_constructor</a> from lv_win.o(.text.lv_win_constructor) referenced from lv_win.o(.rodata.lv_win_class)
 <LI><a href="#[f7]">month_event_cb</a> from lv_calendar_header_arrow.o(.text.month_event_cb) referenced 4 times from lv_calendar_header_arrow.o(.text.my_constructor)
 <LI><a href="#[10f]">my_constructor</a> from lv_calendar_header_arrow.o(.text.my_constructor) referenced from lv_calendar_header_arrow.o(.rodata.lv_calendar_header_arrow_class)
 <LI><a href="#[110]">my_constructor</a> from lv_calendar_header_dropdown.o(.text.my_constructor) referenced from lv_calendar_header_dropdown.o(.rodata.lv_calendar_header_dropdown_class)
 <LI><a href="#[9e]">next_click_event_cb</a> from lv_demo_music_main.o(.text.next_click_event_cb) referenced 2 times from lv_demo_music_main.o(.text._lv_demo_music_main_create)
 <LI><a href="#[9d]">play_event_click_cb</a> from lv_demo_music_main.o(.text.play_event_click_cb) referenced 2 times from lv_demo_music_main.o(.text._lv_demo_music_main_create)
 <LI><a href="#[9c]">prev_click_event_cb</a> from lv_demo_music_main.o(.text.prev_click_event_cb) referenced 2 times from lv_demo_music_main.o(.text._lv_demo_music_main_create)
 <LI><a href="#[f2]">pwd_char_hider_anim</a> from lv_textarea.o(.text.pwd_char_hider_anim) referenced 2 times from lv_textarea.o(.text.lv_textarea_add_char)
 <LI><a href="#[f2]">pwd_char_hider_anim</a> from lv_textarea.o(.text.pwd_char_hider_anim) referenced 2 times from lv_textarea.o(.text.lv_textarea_add_text)
 <LI><a href="#[f2]">pwd_char_hider_anim</a> from lv_textarea.o(.text.pwd_char_hider_anim) referenced 2 times from lv_textarea.o(.text.lv_textarea_set_text)
 <LI><a href="#[f3]">pwd_char_hider_anim_ready</a> from lv_textarea.o(.text.pwd_char_hider_anim_ready) referenced 2 times from lv_textarea.o(.text.lv_textarea_add_char)
 <LI><a href="#[f3]">pwd_char_hider_anim_ready</a> from lv_textarea.o(.text.pwd_char_hider_anim_ready) referenced 2 times from lv_textarea.o(.text.lv_textarea_add_text)
 <LI><a href="#[f3]">pwd_char_hider_anim_ready</a> from lv_textarea.o(.text.pwd_char_hider_anim_ready) referenced 2 times from lv_textarea.o(.text.lv_textarea_set_text)
 <LI><a href="#[e6]">scroll_anim_ready_cb</a> from lv_obj_scroll.o(.text.scroll_anim_ready_cb) referenced 2 times from lv_obj_scroll.o(.text.lv_obj_scroll_by)
 <LI><a href="#[fc]">scroll_anim_ready_cb</a> from lv_roller.o(.text.scroll_anim_ready_cb) referenced 2 times from lv_roller.o(.text.refr_position)
 <LI><a href="#[e4]">scroll_x_anim</a> from lv_obj_scroll.o(.text.scroll_x_anim) referenced 2 times from lv_obj_scroll.o(.text.lv_obj_get_scroll_end)
 <LI><a href="#[e4]">scroll_x_anim</a> from lv_obj_scroll.o(.text.scroll_x_anim) referenced 4 times from lv_obj_scroll.o(.text.lv_obj_scroll_by)
 <LI><a href="#[e4]">scroll_x_anim</a> from lv_obj_scroll.o(.text.scroll_x_anim) referenced 2 times from lv_obj_scroll.o(.text.lv_obj_scroll_to)
 <LI><a href="#[e4]">scroll_x_anim</a> from lv_obj_scroll.o(.text.scroll_x_anim) referenced 2 times from lv_obj_scroll.o(.text.lv_obj_scroll_to_x)
 <LI><a href="#[e4]">scroll_x_anim</a> from lv_obj_scroll.o(.text.scroll_x_anim) referenced 2 times from lv_obj_scroll.o(.text.scroll_area_into_view)
 <LI><a href="#[e5]">scroll_y_anim</a> from lv_obj_scroll.o(.text.scroll_y_anim) referenced 2 times from lv_obj_scroll.o(.text.lv_obj_get_scroll_end)
 <LI><a href="#[e5]">scroll_y_anim</a> from lv_obj_scroll.o(.text.scroll_y_anim) referenced 4 times from lv_obj_scroll.o(.text.lv_obj_scroll_by)
 <LI><a href="#[e5]">scroll_y_anim</a> from lv_obj_scroll.o(.text.scroll_y_anim) referenced 2 times from lv_obj_scroll.o(.text.lv_obj_scroll_to)
 <LI><a href="#[e5]">scroll_y_anim</a> from lv_obj_scroll.o(.text.scroll_y_anim) referenced 2 times from lv_obj_scroll.o(.text.lv_obj_scroll_to_y)
 <LI><a href="#[e5]">scroll_y_anim</a> from lv_obj_scroll.o(.text.scroll_y_anim) referenced 2 times from lv_obj_scroll.o(.text.scroll_area_into_view)
 <LI><a href="#[de]">set_ofs_x_anim</a> from lv_label.o(.text.set_ofs_x_anim) referenced 8 times from lv_label.o(.text.lv_label_refr_text)
 <LI><a href="#[de]">set_ofs_x_anim</a> from lv_label.o(.text.set_ofs_x_anim) referenced 2 times from lv_label.o(.text.lv_label_set_long_mode)
 <LI><a href="#[df]">set_ofs_y_anim</a> from lv_label.o(.text.set_ofs_y_anim) referenced 6 times from lv_label.o(.text.lv_label_refr_text)
 <LI><a href="#[df]">set_ofs_y_anim</a> from lv_label.o(.text.set_ofs_y_anim) referenced 2 times from lv_label.o(.text.lv_label_set_long_mode)
 <LI><a href="#[e9]">set_y_anim</a> from lv_roller.o(.text.set_y_anim) referenced 2 times from lv_roller.o(.text.lv_roller_event)
 <LI><a href="#[e9]">set_y_anim</a> from lv_roller.o(.text.set_y_anim) referenced 4 times from lv_roller.o(.text.refr_position)
 <LI><a href="#[99]">spectrum_anim_cb</a> from lv_demo_music_main.o(.text.spectrum_anim_cb) referenced 2 times from lv_demo_music_main.o(.text._lv_demo_music_album_next)
 <LI><a href="#[99]">spectrum_anim_cb</a> from lv_demo_music_main.o(.text.spectrum_anim_cb) referenced 2 times from lv_demo_music_main.o(.text._lv_demo_music_play)
 <LI><a href="#[99]">spectrum_anim_cb</a> from lv_demo_music_main.o(.text.spectrum_anim_cb) referenced 4 times from lv_demo_music_main.o(.text.play_event_click_cb)
 <LI><a href="#[9f]">spectrum_draw_event_cb</a> from lv_demo_music_main.o(.text.spectrum_draw_event_cb) referenced 2 times from lv_demo_music_main.o(.text._lv_demo_music_main_create)
 <LI><a href="#[9a]">spectrum_end_cb</a> from lv_demo_music_main.o(.text.spectrum_end_cb) referenced 2 times from lv_demo_music_main.o(.text._lv_demo_music_album_next)
 <LI><a href="#[9a]">spectrum_end_cb</a> from lv_demo_music_main.o(.text.spectrum_end_cb) referenced 2 times from lv_demo_music_main.o(.text._lv_demo_music_play)
 <LI><a href="#[9a]">spectrum_end_cb</a> from lv_demo_music_main.o(.text.spectrum_end_cb) referenced 2 times from lv_demo_music_main.o(.text.play_event_click_cb)
 <LI><a href="#[a3]">start_anim_cb</a> from lv_demo_music_main.o(.text.start_anim_cb) referenced 2 times from lv_demo_music_main.o(.text._lv_demo_music_main_create)
 <LI><a href="#[a1]">stop_start_anim</a> from lv_demo_music_main.o(.text.stop_start_anim) referenced 2 times from lv_demo_music_main.o(.text._lv_demo_music_main_create)
 <LI><a href="#[f5]">theme_apply</a> from lv_theme_default.o(.text.theme_apply) referenced 2 times from lv_theme_default.o(.text.lv_theme_default_init)
 <LI><a href="#[f6]">tileview_event_cb</a> from lv_tileview.o(.text.tileview_event_cb) referenced 2 times from lv_tileview.o(.text.lv_tileview_constructor)
 <LI><a href="#[a0]">timer_cb</a> from lv_demo_music_main.o(.text.timer_cb) referenced 2 times from lv_demo_music_main.o(.text._lv_demo_music_main_create)
 <LI><a href="#[e8]">touchpad_read</a> from lv_port_indev_template.o(.text.touchpad_read) referenced 2 times from lv_port_indev_template.o(.text.lv_port_indev_init)
 <LI><a href="#[ac]">trans_anim_cb</a> from lv_obj_style.o(.text.trans_anim_cb) referenced 2 times from lv_obj_style.o(.text._lv_obj_style_create_transition)
 <LI><a href="#[ae]">trans_anim_ready_cb</a> from lv_obj_style.o(.text.trans_anim_ready_cb) referenced 2 times from lv_obj_style.o(.text._lv_obj_style_create_transition)
 <LI><a href="#[ad]">trans_anim_start_cb</a> from lv_obj_style.o(.text.trans_anim_start_cb) referenced 2 times from lv_obj_style.o(.text._lv_obj_style_create_transition)
 <LI><a href="#[b7]">unicode_list_compare</a> from lv_font_fmt_txt.o(.text.unicode_list_compare) referenced 4 times from lv_font_fmt_txt.o(.text.get_glyph_dsc_id)
 <LI><a href="#[f8]">value_changed_event_cb</a> from lv_calendar_header_arrow.o(.text.value_changed_event_cb) referenced 4 times from lv_calendar_header_arrow.o(.text.my_constructor)
 <LI><a href="#[f9]">year_event_cb</a> from lv_calendar_header_dropdown.o(.text.year_event_cb) referenced 2 times from lv_calendar_header_dropdown.o(.text.my_constructor)
</UL>
<P>
<H3>
Global Symbols
</H3>
<P><STRONG><a name="[97]"></a>__main</STRONG> (Thumb, 8 bytes, Stack size 0 bytes, __main.o(!!!main))
<BR><BR>[Calls]<UL><LI><a href="#[158]">&gt;&gt;</a>&nbsp;&nbsp;&nbsp;__scatterload
<LI><a href="#[159]">&gt;&gt;</a>&nbsp;&nbsp;&nbsp;__rt_entry
</UL>
<BR>[Address Reference Count : 1]<UL><LI> startup_stm32h750xx.o(.text)
</UL>
<P><STRONG><a name="[158]"></a>__scatterload</STRONG> (Thumb, 0 bytes, Stack size unknown bytes, __scatter.o(!!!scatter))
<BR><BR>[Called By]<UL><LI><a href="#[97]">&gt;&gt;</a>&nbsp;&nbsp;&nbsp;__main
</UL>

<P><STRONG><a name="[15a]"></a>__scatterload_rt2</STRONG> (Thumb, 84 bytes, Stack size unknown bytes, __scatter.o(!!!scatter), UNUSED)
<BR><BR>[Calls]<UL><LI><a href="#[159]">&gt;&gt;</a>&nbsp;&nbsp;&nbsp;__rt_entry
</UL>

<P><STRONG><a name="[3f5]"></a>__scatterload_rt2_thumb_only</STRONG> (Thumb, 0 bytes, Stack size unknown bytes, __scatter.o(!!!scatter), UNUSED)

<P><STRONG><a name="[3f6]"></a>__scatterload_loop</STRONG> (Thumb, 0 bytes, Stack size unknown bytes, __scatter.o(!!!scatter), UNUSED)

<P><STRONG><a name="[15b]"></a>__scatterload_copy</STRONG> (Thumb, 26 bytes, Stack size unknown bytes, __scatter_copy.o(!!handler_copy), UNUSED)
<BR><BR>[Calls]<UL><LI><a href="#[15b]">&gt;&gt;</a>&nbsp;&nbsp;&nbsp;__scatterload_copy
</UL>
<BR>[Called By]<UL><LI><a href="#[15b]">&gt;&gt;</a>&nbsp;&nbsp;&nbsp;__scatterload_copy
</UL>

<P><STRONG><a name="[3f7]"></a>__scatterload_null</STRONG> (Thumb, 2 bytes, Stack size unknown bytes, __scatter.o(!!handler_null), UNUSED)

<P><STRONG><a name="[3f8]"></a>__scatterload_zeroinit</STRONG> (Thumb, 28 bytes, Stack size unknown bytes, __scatter_zi.o(!!handler_zi), UNUSED)

<P><STRONG><a name="[161]"></a>__rt_lib_init</STRONG> (Thumb, 0 bytes, Stack size unknown bytes, libinit.o(.ARM.Collect$$libinit$$00000000))
<BR><BR>[Called By]<UL><LI><a href="#[160]">&gt;&gt;</a>&nbsp;&nbsp;&nbsp;__rt_entry_li
</UL>

<P><STRONG><a name="[15c]"></a>__rt_lib_init_fp_1</STRONG> (Thumb, 0 bytes, Stack size unknown bytes, libinit2.o(.ARM.Collect$$libinit$$00000001))
<BR><BR>[Calls]<UL><LI><a href="#[15d]">&gt;&gt;</a>&nbsp;&nbsp;&nbsp;_fp_init
</UL>

<P><STRONG><a name="[3f9]"></a>__rt_lib_init_alloca_1</STRONG> (Thumb, 0 bytes, Stack size unknown bytes, libinit2.o(.ARM.Collect$$libinit$$00000030))

<P><STRONG><a name="[3fa]"></a>__rt_lib_init_argv_1</STRONG> (Thumb, 0 bytes, Stack size unknown bytes, libinit2.o(.ARM.Collect$$libinit$$0000002E))

<P><STRONG><a name="[3fb]"></a>__rt_lib_init_atexit_1</STRONG> (Thumb, 0 bytes, Stack size unknown bytes, libinit2.o(.ARM.Collect$$libinit$$0000001D))

<P><STRONG><a name="[3fc]"></a>__rt_lib_init_clock_1</STRONG> (Thumb, 0 bytes, Stack size unknown bytes, libinit2.o(.ARM.Collect$$libinit$$00000023))

<P><STRONG><a name="[3fd]"></a>__rt_lib_init_cpp_1</STRONG> (Thumb, 0 bytes, Stack size unknown bytes, libinit2.o(.ARM.Collect$$libinit$$00000034))

<P><STRONG><a name="[3fe]"></a>__rt_lib_init_exceptions_1</STRONG> (Thumb, 0 bytes, Stack size unknown bytes, libinit2.o(.ARM.Collect$$libinit$$00000032))

<P><STRONG><a name="[3ff]"></a>__rt_lib_init_fp_trap_1</STRONG> (Thumb, 0 bytes, Stack size unknown bytes, libinit2.o(.ARM.Collect$$libinit$$00000021))

<P><STRONG><a name="[400]"></a>__rt_lib_init_getenv_1</STRONG> (Thumb, 0 bytes, Stack size unknown bytes, libinit2.o(.ARM.Collect$$libinit$$00000025))

<P><STRONG><a name="[401]"></a>__rt_lib_init_heap_1</STRONG> (Thumb, 0 bytes, Stack size unknown bytes, libinit2.o(.ARM.Collect$$libinit$$0000000C))

<P><STRONG><a name="[402]"></a>__rt_lib_init_lc_collate_1</STRONG> (Thumb, 0 bytes, Stack size unknown bytes, libinit2.o(.ARM.Collect$$libinit$$00000013))

<P><STRONG><a name="[403]"></a>__rt_lib_init_lc_ctype_1</STRONG> (Thumb, 0 bytes, Stack size unknown bytes, libinit2.o(.ARM.Collect$$libinit$$00000015))

<P><STRONG><a name="[404]"></a>__rt_lib_init_lc_monetary_1</STRONG> (Thumb, 0 bytes, Stack size unknown bytes, libinit2.o(.ARM.Collect$$libinit$$00000017))

<P><STRONG><a name="[405]"></a>__rt_lib_init_lc_numeric_1</STRONG> (Thumb, 0 bytes, Stack size unknown bytes, libinit2.o(.ARM.Collect$$libinit$$00000019))

<P><STRONG><a name="[406]"></a>__rt_lib_init_lc_time_1</STRONG> (Thumb, 0 bytes, Stack size unknown bytes, libinit2.o(.ARM.Collect$$libinit$$0000001B))

<P><STRONG><a name="[407]"></a>__rt_lib_init_preinit_1</STRONG> (Thumb, 0 bytes, Stack size unknown bytes, libinit2.o(.ARM.Collect$$libinit$$00000006))

<P><STRONG><a name="[408]"></a>__rt_lib_init_rand_1</STRONG> (Thumb, 0 bytes, Stack size unknown bytes, libinit2.o(.ARM.Collect$$libinit$$00000010))

<P><STRONG><a name="[409]"></a>__rt_lib_init_relocate_pie_1</STRONG> (Thumb, 0 bytes, Stack size unknown bytes, libinit2.o(.ARM.Collect$$libinit$$00000004))

<P><STRONG><a name="[40a]"></a>__rt_lib_init_return</STRONG> (Thumb, 0 bytes, Stack size unknown bytes, libinit2.o(.ARM.Collect$$libinit$$00000035))

<P><STRONG><a name="[40b]"></a>__rt_lib_init_signal_1</STRONG> (Thumb, 0 bytes, Stack size unknown bytes, libinit2.o(.ARM.Collect$$libinit$$0000001F))

<P><STRONG><a name="[40c]"></a>__rt_lib_init_stdio_1</STRONG> (Thumb, 0 bytes, Stack size unknown bytes, libinit2.o(.ARM.Collect$$libinit$$00000027))

<P><STRONG><a name="[40d]"></a>__rt_lib_init_user_alloc_1</STRONG> (Thumb, 0 bytes, Stack size unknown bytes, libinit2.o(.ARM.Collect$$libinit$$0000000E))

<P><STRONG><a name="[166]"></a>__rt_lib_shutdown</STRONG> (Thumb, 0 bytes, Stack size unknown bytes, libshutdown.o(.ARM.Collect$$libshutdown$$00000000))
<BR><BR>[Called By]<UL><LI><a href="#[165]">&gt;&gt;</a>&nbsp;&nbsp;&nbsp;__rt_exit_ls
</UL>

<P><STRONG><a name="[40e]"></a>__rt_lib_shutdown_cpp_1</STRONG> (Thumb, 0 bytes, Stack size unknown bytes, libshutdown2.o(.ARM.Collect$$libshutdown$$00000002))

<P><STRONG><a name="[40f]"></a>__rt_lib_shutdown_fp_trap_1</STRONG> (Thumb, 0 bytes, Stack size unknown bytes, libshutdown2.o(.ARM.Collect$$libshutdown$$00000007))

<P><STRONG><a name="[410]"></a>__rt_lib_shutdown_heap_1</STRONG> (Thumb, 0 bytes, Stack size unknown bytes, libshutdown2.o(.ARM.Collect$$libshutdown$$0000000F))

<P><STRONG><a name="[411]"></a>__rt_lib_shutdown_return</STRONG> (Thumb, 0 bytes, Stack size unknown bytes, libshutdown2.o(.ARM.Collect$$libshutdown$$00000010))

<P><STRONG><a name="[412]"></a>__rt_lib_shutdown_signal_1</STRONG> (Thumb, 0 bytes, Stack size unknown bytes, libshutdown2.o(.ARM.Collect$$libshutdown$$0000000A))

<P><STRONG><a name="[413]"></a>__rt_lib_shutdown_stdio_1</STRONG> (Thumb, 0 bytes, Stack size unknown bytes, libshutdown2.o(.ARM.Collect$$libshutdown$$00000004))

<P><STRONG><a name="[414]"></a>__rt_lib_shutdown_user_alloc_1</STRONG> (Thumb, 0 bytes, Stack size unknown bytes, libshutdown2.o(.ARM.Collect$$libshutdown$$0000000C))

<P><STRONG><a name="[159]"></a>__rt_entry</STRONG> (Thumb, 0 bytes, Stack size unknown bytes, __rtentry.o(.ARM.Collect$$rtentry$$00000000))
<BR><BR>[Called By]<UL><LI><a href="#[15a]">&gt;&gt;</a>&nbsp;&nbsp;&nbsp;__scatterload_rt2
<LI><a href="#[97]">&gt;&gt;</a>&nbsp;&nbsp;&nbsp;__main
</UL>

<P><STRONG><a name="[415]"></a>__rt_entry_presh_1</STRONG> (Thumb, 0 bytes, Stack size unknown bytes, __rtentry2.o(.ARM.Collect$$rtentry$$00000002))

<P><STRONG><a name="[15e]"></a>__rt_entry_sh</STRONG> (Thumb, 0 bytes, Stack size unknown bytes, __rtentry4.o(.ARM.Collect$$rtentry$$00000004))
<BR><BR>[Stack]<UL><LI>Max Depth = 8 + Unknown Stack Size
<LI>Call Chain = __rt_entry_sh &rArr; __user_setup_stackheap
</UL>
<BR>[Calls]<UL><LI><a href="#[15f]">&gt;&gt;</a>&nbsp;&nbsp;&nbsp;__user_setup_stackheap
</UL>

<P><STRONG><a name="[160]"></a>__rt_entry_li</STRONG> (Thumb, 0 bytes, Stack size unknown bytes, __rtentry2.o(.ARM.Collect$$rtentry$$0000000A))
<BR><BR>[Calls]<UL><LI><a href="#[161]">&gt;&gt;</a>&nbsp;&nbsp;&nbsp;__rt_lib_init
</UL>

<P><STRONG><a name="[416]"></a>__rt_entry_postsh_1</STRONG> (Thumb, 0 bytes, Stack size unknown bytes, __rtentry2.o(.ARM.Collect$$rtentry$$00000009))

<P><STRONG><a name="[162]"></a>__rt_entry_main</STRONG> (Thumb, 0 bytes, Stack size unknown bytes, __rtentry2.o(.ARM.Collect$$rtentry$$0000000D))
<BR><BR>[Stack]<UL><LI>Max Depth = 768 + Unknown Stack Size
<LI>Call Chain = __rt_entry_main &rArr; main &rArr; lv_demo_music &rArr; _lv_demo_music_main_create &rArr; lv_obj_align_to &rArr; layout_update_core &rArr;  layout_update_core (Cycle)
</UL>
<BR>[Calls]<UL><LI><a href="#[163]">&gt;&gt;</a>&nbsp;&nbsp;&nbsp;main
<LI><a href="#[164]">&gt;&gt;</a>&nbsp;&nbsp;&nbsp;exit
</UL>

<P><STRONG><a name="[417]"></a>__rt_entry_postli_1</STRONG> (Thumb, 0 bytes, Stack size unknown bytes, __rtentry2.o(.ARM.Collect$$rtentry$$0000000C))

<P><STRONG><a name="[16f]"></a>__rt_exit</STRONG> (Thumb, 0 bytes, Stack size unknown bytes, rtexit.o(.ARM.Collect$$rtexit$$00000000))
<BR><BR>[Called By]<UL><LI><a href="#[164]">&gt;&gt;</a>&nbsp;&nbsp;&nbsp;exit
</UL>

<P><STRONG><a name="[165]"></a>__rt_exit_ls</STRONG> (Thumb, 0 bytes, Stack size unknown bytes, rtexit2.o(.ARM.Collect$$rtexit$$00000003))
<BR><BR>[Calls]<UL><LI><a href="#[166]">&gt;&gt;</a>&nbsp;&nbsp;&nbsp;__rt_lib_shutdown
</UL>

<P><STRONG><a name="[418]"></a>__rt_exit_prels_1</STRONG> (Thumb, 0 bytes, Stack size unknown bytes, rtexit2.o(.ARM.Collect$$rtexit$$00000002))

<P><STRONG><a name="[167]"></a>__rt_exit_exit</STRONG> (Thumb, 0 bytes, Stack size unknown bytes, rtexit2.o(.ARM.Collect$$rtexit$$00000004))
<BR><BR>[Calls]<UL><LI><a href="#[168]">&gt;&gt;</a>&nbsp;&nbsp;&nbsp;_sys_exit
</UL>

<P><STRONG><a name="[0]"></a>Reset_Handler</STRONG> (Thumb, 8 bytes, Stack size 0 bytes, startup_stm32h750xx.o(.text))
<BR>[Address Reference Count : 1]<UL><LI> startup_stm32h750xx.o(RESET)
</UL>
<P><STRONG><a name="[82]"></a>ADC3_IRQHandler</STRONG> (Thumb, 0 bytes, Stack size 0 bytes, startup_stm32h750xx.o(.text))
<BR><BR>[Calls]<UL><LI><a href="#[82]">&gt;&gt;</a>&nbsp;&nbsp;&nbsp;ADC3_IRQHandler
</UL>
<BR>[Called By]<UL><LI><a href="#[82]">&gt;&gt;</a>&nbsp;&nbsp;&nbsp;ADC3_IRQHandler
</UL>
<BR>[Address Reference Count : 1]<UL><LI> startup_stm32h750xx.o(RESET)
</UL>
<P><STRONG><a name="[1c]"></a>ADC_IRQHandler</STRONG> (Thumb, 0 bytes, Stack size 0 bytes, startup_stm32h750xx.o(.text))
<BR>[Address Reference Count : 1]<UL><LI> startup_stm32h750xx.o(RESET)
</UL>
<P><STRONG><a name="[84]"></a>BDMA_Channel0_IRQHandler</STRONG> (Thumb, 0 bytes, Stack size 0 bytes, startup_stm32h750xx.o(.text))
<BR>[Address Reference Count : 1]<UL><LI> startup_stm32h750xx.o(RESET)
</UL>
<P><STRONG><a name="[85]"></a>BDMA_Channel1_IRQHandler</STRONG> (Thumb, 0 bytes, Stack size 0 bytes, startup_stm32h750xx.o(.text))
<BR>[Address Reference Count : 1]<UL><LI> startup_stm32h750xx.o(RESET)
</UL>
<P><STRONG><a name="[86]"></a>BDMA_Channel2_IRQHandler</STRONG> (Thumb, 0 bytes, Stack size 0 bytes, startup_stm32h750xx.o(.text))
<BR>[Address Reference Count : 1]<UL><LI> startup_stm32h750xx.o(RESET)
</UL>
<P><STRONG><a name="[87]"></a>BDMA_Channel3_IRQHandler</STRONG> (Thumb, 0 bytes, Stack size 0 bytes, startup_stm32h750xx.o(.text))
<BR>[Address Reference Count : 1]<UL><LI> startup_stm32h750xx.o(RESET)
</UL>
<P><STRONG><a name="[88]"></a>BDMA_Channel4_IRQHandler</STRONG> (Thumb, 0 bytes, Stack size 0 bytes, startup_stm32h750xx.o(.text))
<BR>[Address Reference Count : 1]<UL><LI> startup_stm32h750xx.o(RESET)
</UL>
<P><STRONG><a name="[89]"></a>BDMA_Channel5_IRQHandler</STRONG> (Thumb, 0 bytes, Stack size 0 bytes, startup_stm32h750xx.o(.text))
<BR>[Address Reference Count : 1]<UL><LI> startup_stm32h750xx.o(RESET)
</UL>
<P><STRONG><a name="[8a]"></a>BDMA_Channel6_IRQHandler</STRONG> (Thumb, 0 bytes, Stack size 0 bytes, startup_stm32h750xx.o(.text))
<BR>[Address Reference Count : 1]<UL><LI> startup_stm32h750xx.o(RESET)
</UL>
<P><STRONG><a name="[8b]"></a>BDMA_Channel7_IRQHandler</STRONG> (Thumb, 0 bytes, Stack size 0 bytes, startup_stm32h750xx.o(.text))
<BR>[Address Reference Count : 1]<UL><LI> startup_stm32h750xx.o(RESET)
</UL>
<P><STRONG><a name="[63]"></a>CEC_IRQHandler</STRONG> (Thumb, 0 bytes, Stack size 0 bytes, startup_stm32h750xx.o(.text))
<BR>[Address Reference Count : 1]<UL><LI> startup_stm32h750xx.o(RESET)
</UL>
<P><STRONG><a name="[8c]"></a>COMP1_IRQHandler</STRONG> (Thumb, 0 bytes, Stack size 0 bytes, startup_stm32h750xx.o(.text))
<BR>[Address Reference Count : 1]<UL><LI> startup_stm32h750xx.o(RESET)
</UL>
<P><STRONG><a name="[92]"></a>CRS_IRQHandler</STRONG> (Thumb, 0 bytes, Stack size 0 bytes, startup_stm32h750xx.o(.text))
<BR>[Address Reference Count : 1]<UL><LI> startup_stm32h750xx.o(RESET)
</UL>
<P><STRONG><a name="[54]"></a>CRYP_IRQHandler</STRONG> (Thumb, 0 bytes, Stack size 0 bytes, startup_stm32h750xx.o(.text))
<BR>[Address Reference Count : 1]<UL><LI> startup_stm32h750xx.o(RESET)
</UL>
<P><STRONG><a name="[53]"></a>DCMI_IRQHandler</STRONG> (Thumb, 0 bytes, Stack size 0 bytes, startup_stm32h750xx.o(.text))
<BR>[Address Reference Count : 1]<UL><LI> startup_stm32h750xx.o(RESET)
</UL>
<P><STRONG><a name="[73]"></a>DFSDM1_FLT0_IRQHandler</STRONG> (Thumb, 0 bytes, Stack size 0 bytes, startup_stm32h750xx.o(.text))
<BR>[Address Reference Count : 1]<UL><LI> startup_stm32h750xx.o(RESET)
</UL>
<P><STRONG><a name="[74]"></a>DFSDM1_FLT1_IRQHandler</STRONG> (Thumb, 0 bytes, Stack size 0 bytes, startup_stm32h750xx.o(.text))
<BR>[Address Reference Count : 1]<UL><LI> startup_stm32h750xx.o(RESET)
</UL>
<P><STRONG><a name="[75]"></a>DFSDM1_FLT2_IRQHandler</STRONG> (Thumb, 0 bytes, Stack size 0 bytes, startup_stm32h750xx.o(.text))
<BR>[Address Reference Count : 1]<UL><LI> startup_stm32h750xx.o(RESET)
</UL>
<P><STRONG><a name="[76]"></a>DFSDM1_FLT3_IRQHandler</STRONG> (Thumb, 0 bytes, Stack size 0 bytes, startup_stm32h750xx.o(.text))
<BR>[Address Reference Count : 1]<UL><LI> startup_stm32h750xx.o(RESET)
</UL>
<P><STRONG><a name="[15]"></a>DMA1_Stream0_IRQHandler</STRONG> (Thumb, 0 bytes, Stack size 0 bytes, startup_stm32h750xx.o(.text))
<BR>[Address Reference Count : 1]<UL><LI> startup_stm32h750xx.o(RESET)
</UL>
<P><STRONG><a name="[16]"></a>DMA1_Stream1_IRQHandler</STRONG> (Thumb, 0 bytes, Stack size 0 bytes, startup_stm32h750xx.o(.text))
<BR>[Address Reference Count : 1]<UL><LI> startup_stm32h750xx.o(RESET)
</UL>
<P><STRONG><a name="[17]"></a>DMA1_Stream2_IRQHandler</STRONG> (Thumb, 0 bytes, Stack size 0 bytes, startup_stm32h750xx.o(.text))
<BR>[Address Reference Count : 1]<UL><LI> startup_stm32h750xx.o(RESET)
</UL>
<P><STRONG><a name="[18]"></a>DMA1_Stream3_IRQHandler</STRONG> (Thumb, 0 bytes, Stack size 0 bytes, startup_stm32h750xx.o(.text))
<BR>[Address Reference Count : 1]<UL><LI> startup_stm32h750xx.o(RESET)
</UL>
<P><STRONG><a name="[19]"></a>DMA1_Stream4_IRQHandler</STRONG> (Thumb, 0 bytes, Stack size 0 bytes, startup_stm32h750xx.o(.text))
<BR>[Address Reference Count : 1]<UL><LI> startup_stm32h750xx.o(RESET)
</UL>
<P><STRONG><a name="[1a]"></a>DMA1_Stream5_IRQHandler</STRONG> (Thumb, 0 bytes, Stack size 0 bytes, startup_stm32h750xx.o(.text))
<BR>[Address Reference Count : 1]<UL><LI> startup_stm32h750xx.o(RESET)
</UL>
<P><STRONG><a name="[1b]"></a>DMA1_Stream6_IRQHandler</STRONG> (Thumb, 0 bytes, Stack size 0 bytes, startup_stm32h750xx.o(.text))
<BR>[Address Reference Count : 1]<UL><LI> startup_stm32h750xx.o(RESET)
</UL>
<P><STRONG><a name="[38]"></a>DMA1_Stream7_IRQHandler</STRONG> (Thumb, 0 bytes, Stack size 0 bytes, startup_stm32h750xx.o(.text))
<BR>[Address Reference Count : 1]<UL><LI> startup_stm32h750xx.o(RESET)
</UL>
<P><STRONG><a name="[5f]"></a>DMA2D_IRQHandler</STRONG> (Thumb, 0 bytes, Stack size 0 bytes, startup_stm32h750xx.o(.text))
<BR>[Address Reference Count : 1]<UL><LI> startup_stm32h750xx.o(RESET)
</UL>
<P><STRONG><a name="[41]"></a>DMA2_Stream0_IRQHandler</STRONG> (Thumb, 0 bytes, Stack size 0 bytes, startup_stm32h750xx.o(.text))
<BR>[Address Reference Count : 1]<UL><LI> startup_stm32h750xx.o(RESET)
</UL>
<P><STRONG><a name="[42]"></a>DMA2_Stream1_IRQHandler</STRONG> (Thumb, 0 bytes, Stack size 0 bytes, startup_stm32h750xx.o(.text))
<BR>[Address Reference Count : 1]<UL><LI> startup_stm32h750xx.o(RESET)
</UL>
<P><STRONG><a name="[43]"></a>DMA2_Stream2_IRQHandler</STRONG> (Thumb, 0 bytes, Stack size 0 bytes, startup_stm32h750xx.o(.text))
<BR>[Address Reference Count : 1]<UL><LI> startup_stm32h750xx.o(RESET)
</UL>
<P><STRONG><a name="[44]"></a>DMA2_Stream3_IRQHandler</STRONG> (Thumb, 0 bytes, Stack size 0 bytes, startup_stm32h750xx.o(.text))
<BR>[Address Reference Count : 1]<UL><LI> startup_stm32h750xx.o(RESET)
</UL>
<P><STRONG><a name="[45]"></a>DMA2_Stream4_IRQHandler</STRONG> (Thumb, 0 bytes, Stack size 0 bytes, startup_stm32h750xx.o(.text))
<BR>[Address Reference Count : 1]<UL><LI> startup_stm32h750xx.o(RESET)
</UL>
<P><STRONG><a name="[49]"></a>DMA2_Stream5_IRQHandler</STRONG> (Thumb, 0 bytes, Stack size 0 bytes, startup_stm32h750xx.o(.text))
<BR>[Address Reference Count : 1]<UL><LI> startup_stm32h750xx.o(RESET)
</UL>
<P><STRONG><a name="[4a]"></a>DMA2_Stream6_IRQHandler</STRONG> (Thumb, 0 bytes, Stack size 0 bytes, startup_stm32h750xx.o(.text))
<BR>[Address Reference Count : 1]<UL><LI> startup_stm32h750xx.o(RESET)
</UL>
<P><STRONG><a name="[4b]"></a>DMA2_Stream7_IRQHandler</STRONG> (Thumb, 0 bytes, Stack size 0 bytes, startup_stm32h750xx.o(.text))
<BR>[Address Reference Count : 1]<UL><LI> startup_stm32h750xx.o(RESET)
</UL>
<P><STRONG><a name="[6b]"></a>DMAMUX1_OVR_IRQHandler</STRONG> (Thumb, 0 bytes, Stack size 0 bytes, startup_stm32h750xx.o(.text))
<BR>[Address Reference Count : 1]<UL><LI> startup_stm32h750xx.o(RESET)
</UL>
<P><STRONG><a name="[83]"></a>DMAMUX2_OVR_IRQHandler</STRONG> (Thumb, 0 bytes, Stack size 0 bytes, startup_stm32h750xx.o(.text))
<BR>[Address Reference Count : 1]<UL><LI> startup_stm32h750xx.o(RESET)
</UL>
<P><STRONG><a name="[93]"></a>ECC_IRQHandler</STRONG> (Thumb, 0 bytes, Stack size 0 bytes, startup_stm32h750xx.o(.text))
<BR>[Address Reference Count : 1]<UL><LI> startup_stm32h750xx.o(RESET)
</UL>
<P><STRONG><a name="[46]"></a>ETH_IRQHandler</STRONG> (Thumb, 0 bytes, Stack size 0 bytes, startup_stm32h750xx.o(.text))
<BR>[Address Reference Count : 1]<UL><LI> startup_stm32h750xx.o(RESET)
</UL>
<P><STRONG><a name="[47]"></a>ETH_WKUP_IRQHandler</STRONG> (Thumb, 0 bytes, Stack size 0 bytes, startup_stm32h750xx.o(.text))
<BR>[Address Reference Count : 1]<UL><LI> startup_stm32h750xx.o(RESET)
</UL>
<P><STRONG><a name="[10]"></a>EXTI0_IRQHandler</STRONG> (Thumb, 0 bytes, Stack size 0 bytes, startup_stm32h750xx.o(.text))
<BR>[Address Reference Count : 1]<UL><LI> startup_stm32h750xx.o(RESET)
</UL>
<P><STRONG><a name="[32]"></a>EXTI15_10_IRQHandler</STRONG> (Thumb, 0 bytes, Stack size 0 bytes, startup_stm32h750xx.o(.text))
<BR>[Address Reference Count : 1]<UL><LI> startup_stm32h750xx.o(RESET)
</UL>
<P><STRONG><a name="[11]"></a>EXTI1_IRQHandler</STRONG> (Thumb, 0 bytes, Stack size 0 bytes, startup_stm32h750xx.o(.text))
<BR>[Address Reference Count : 1]<UL><LI> startup_stm32h750xx.o(RESET)
</UL>
<P><STRONG><a name="[12]"></a>EXTI2_IRQHandler</STRONG> (Thumb, 0 bytes, Stack size 0 bytes, startup_stm32h750xx.o(.text))
<BR>[Address Reference Count : 1]<UL><LI> startup_stm32h750xx.o(RESET)
</UL>
<P><STRONG><a name="[13]"></a>EXTI3_IRQHandler</STRONG> (Thumb, 0 bytes, Stack size 0 bytes, startup_stm32h750xx.o(.text))
<BR>[Address Reference Count : 1]<UL><LI> startup_stm32h750xx.o(RESET)
</UL>
<P><STRONG><a name="[14]"></a>EXTI4_IRQHandler</STRONG> (Thumb, 0 bytes, Stack size 0 bytes, startup_stm32h750xx.o(.text))
<BR>[Address Reference Count : 1]<UL><LI> startup_stm32h750xx.o(RESET)
</UL>
<P><STRONG><a name="[21]"></a>EXTI9_5_IRQHandler</STRONG> (Thumb, 0 bytes, Stack size 0 bytes, startup_stm32h750xx.o(.text))
<BR>[Address Reference Count : 1]<UL><LI> startup_stm32h750xx.o(RESET)
</UL>
<P><STRONG><a name="[1d]"></a>FDCAN1_IT0_IRQHandler</STRONG> (Thumb, 0 bytes, Stack size 0 bytes, startup_stm32h750xx.o(.text))
<BR>[Address Reference Count : 1]<UL><LI> startup_stm32h750xx.o(RESET)
</UL>
<P><STRONG><a name="[1f]"></a>FDCAN1_IT1_IRQHandler</STRONG> (Thumb, 0 bytes, Stack size 0 bytes, startup_stm32h750xx.o(.text))
<BR>[Address Reference Count : 1]<UL><LI> startup_stm32h750xx.o(RESET)
</UL>
<P><STRONG><a name="[1e]"></a>FDCAN2_IT0_IRQHandler</STRONG> (Thumb, 0 bytes, Stack size 0 bytes, startup_stm32h750xx.o(.text))
<BR>[Address Reference Count : 1]<UL><LI> startup_stm32h750xx.o(RESET)
[...]
<LI><a href="#[311]">&gt;&gt;</a>&nbsp;&nbsp;&nbsp;lv_area_move
<LI><a href="#[28e]">&gt;&gt;</a>&nbsp;&nbsp;&nbsp;lv_obj_get_coords
<LI><a href="#[287]">&gt;&gt;</a>&nbsp;&nbsp;&nbsp;lv_obj_init_draw_label_dsc
<LI><a href="#[291]">&gt;&gt;</a>&nbsp;&nbsp;&nbsp;lv_memcpy
<LI><a href="#[285]">&gt;&gt;</a>&nbsp;&nbsp;&nbsp;lv_draw_rect
<LI><a href="#[284]">&gt;&gt;</a>&nbsp;&nbsp;&nbsp;lv_obj_init_draw_rect_dsc
<LI><a href="#[283]">&gt;&gt;</a>&nbsp;&nbsp;&nbsp;lv_draw_rect_dsc_init
<LI><a href="#[b5]">&gt;&gt;</a>&nbsp;&nbsp;&nbsp;lv_obj_get_width
<LI><a href="#[23e]">&gt;&gt;</a>&nbsp;&nbsp;&nbsp;lv_obj_get_style_prop
<LI><a href="#[3a3]">&gt;&gt;</a>&nbsp;&nbsp;&nbsp;lv_indev_get_vect
<LI><a href="#[2d9]">&gt;&gt;</a>&nbsp;&nbsp;&nbsp;lv_indev_get_point
<LI><a href="#[1e0]">&gt;&gt;</a>&nbsp;&nbsp;&nbsp;lv_obj_add_flag
<LI><a href="#[1e5]">&gt;&gt;</a>&nbsp;&nbsp;&nbsp;lv_obj_clear_flag
<LI><a href="#[25d]">&gt;&gt;</a>&nbsp;&nbsp;&nbsp;lv_indev_get_type
<LI><a href="#[28d]">&gt;&gt;</a>&nbsp;&nbsp;&nbsp;lv_event_get_draw_ctx
<LI><a href="#[297]">&gt;&gt;</a>&nbsp;&nbsp;&nbsp;lv_event_get_param
<LI><a href="#[265]">&gt;&gt;</a>&nbsp;&nbsp;&nbsp;lv_event_get_code
<LI><a href="#[258]">&gt;&gt;</a>&nbsp;&nbsp;&nbsp;lv_event_get_target
<LI><a href="#[2d4]">&gt;&gt;</a>&nbsp;&nbsp;&nbsp;lv_obj_event_base
<LI><a href="#[228]">&gt;&gt;</a>&nbsp;&nbsp;&nbsp;lv_indev_get_act
<LI><a href="#[23c]">&gt;&gt;</a>&nbsp;&nbsp;&nbsp;lv_obj_invalidate
<LI><a href="#[27c]">&gt;&gt;</a>&nbsp;&nbsp;&nbsp;lv_draw_label
<LI><a href="#[27b]">&gt;&gt;</a>&nbsp;&nbsp;&nbsp;lv_draw_label_dsc_init
<LI><a href="#[288]">&gt;&gt;</a>&nbsp;&nbsp;&nbsp;lv_label_get_text
<LI><a href="#[351]">&gt;&gt;</a>&nbsp;&nbsp;&nbsp;lv_textarea_set_cursor_pos
<LI><a href="#[34e]">&gt;&gt;</a>&nbsp;&nbsp;&nbsp;lv_textarea_del_char
<LI><a href="#[34a]">&gt;&gt;</a>&nbsp;&nbsp;&nbsp;lv_textarea_add_char
<LI><a href="#[359]">&gt;&gt;</a>&nbsp;&nbsp;&nbsp;lv_label_is_char_under_pos
<LI><a href="#[355]">&gt;&gt;</a>&nbsp;&nbsp;&nbsp;lv_label_get_letter_on
<LI><a href="#[3dc]">&gt;&gt;</a>&nbsp;&nbsp;&nbsp;lv_textarea_cursor_down
<LI><a href="#[3dd]">&gt;&gt;</a>&nbsp;&nbsp;&nbsp;lv_textarea_cursor_up
<LI><a href="#[3de]">&gt;&gt;</a>&nbsp;&nbsp;&nbsp;lv_textarea_del_char_forward
</UL>
<BR>[Address Reference Count : 1]<UL><LI> lv_textarea.o(.rodata.lv_textarea_class)
</UL>
<P><STRONG><a name="[3d9]"></a>pwd_char_hider</STRONG> (Thumb, 166 bytes, Stack size 48 bytes, lv_textarea.o(.text.pwd_char_hider))
<BR><BR>[Stack]<UL><LI>Max Depth = 480 + Unknown Stack Size
<LI>Call Chain = pwd_char_hider &rArr; lv_label_set_text &rArr; lv_label_refr_text &rArr; lv_obj_invalidate &rArr; lv_obj_area_is_visible &rArr; lv_obj_get_transformed_area &rArr; lv_obj_transform_point &rArr;  lv_obj_transform_point (Cycle)
</UL>
<BR>[Calls]<UL><LI><a href="#[291]">&gt;&gt;</a>&nbsp;&nbsp;&nbsp;lv_memcpy
<LI><a href="#[274]">&gt;&gt;</a>&nbsp;&nbsp;&nbsp;lv_mem_buf_release
<LI><a href="#[26d]">&gt;&gt;</a>&nbsp;&nbsp;&nbsp;lv_mem_buf_get
<LI><a href="#[23e]">&gt;&gt;</a>&nbsp;&nbsp;&nbsp;lv_obj_get_style_prop
<LI><a href="#[315]">&gt;&gt;</a>&nbsp;&nbsp;&nbsp;lv_font_get_glyph_dsc
<LI><a href="#[288]">&gt;&gt;</a>&nbsp;&nbsp;&nbsp;lv_label_get_text
<LI><a href="#[1dd]">&gt;&gt;</a>&nbsp;&nbsp;&nbsp;lv_label_set_text
<LI><a href="#[2cc]">&gt;&gt;</a>&nbsp;&nbsp;&nbsp;refr_cursor_area
<LI><a href="#[247]">&gt;&gt;</a>&nbsp;&nbsp;&nbsp;strlen
</UL>
<BR>[Called By]<UL><LI><a href="#[3b1]">&gt;&gt;</a>&nbsp;&nbsp;&nbsp;lv_textarea_set_text
<LI><a href="#[34a]">&gt;&gt;</a>&nbsp;&nbsp;&nbsp;lv_textarea_add_char
<LI><a href="#[349]">&gt;&gt;</a>&nbsp;&nbsp;&nbsp;lv_textarea_add_text
<LI><a href="#[f3]">&gt;&gt;</a>&nbsp;&nbsp;&nbsp;pwd_char_hider_anim_ready
</UL>

<P><STRONG><a name="[f2]"></a>pwd_char_hider_anim</STRONG> (Thumb, 2 bytes, Stack size 0 bytes, lv_textarea.o(.text.pwd_char_hider_anim))
<BR>[Address Reference Count : 3]<UL><LI> lv_textarea.o(.text.lv_textarea_add_text)
<LI> lv_textarea.o(.text.lv_textarea_set_text)
<LI> lv_textarea.o(.text.lv_textarea_add_char)
</UL>
<P><STRONG><a name="[f3]"></a>pwd_char_hider_anim_ready</STRONG> (Thumb, 6 bytes, Stack size 0 bytes, lv_textarea.o(.text.pwd_char_hider_anim_ready))
<BR><BR>[Stack]<UL><LI>Max Depth = 480 + Unknown Stack Size
<LI>Call Chain = pwd_char_hider_anim_ready &rArr; pwd_char_hider &rArr; lv_label_set_text &rArr; lv_label_refr_text &rArr; lv_obj_invalidate &rArr; lv_obj_area_is_visible &rArr; lv_obj_get_transformed_area &rArr; lv_obj_transform_point &rArr;  lv_obj_transform_point (Cycle)
</UL>
<BR>[Calls]<UL><LI><a href="#[3d9]">&gt;&gt;</a>&nbsp;&nbsp;&nbsp;pwd_char_hider
</UL>
<BR>[Address Reference Count : 3]<UL><LI> lv_textarea.o(.text.lv_textarea_add_text)
<LI> lv_textarea.o(.text.lv_textarea_set_text)
<LI> lv_textarea.o(.text.lv_textarea_add_char)
</UL>
<P><STRONG><a name="[2cc]"></a>refr_cursor_area</STRONG> (Thumb, 506 bytes, Stack size 64 bytes, lv_textarea.o(.text.refr_cursor_area))
<BR><BR>[Stack]<UL><LI>Max Depth = 328<LI>Call Chain = refr_cursor_area &rArr; lv_obj_invalidate_area &rArr; lv_obj_area_is_visible &rArr; lv_obj_get_transformed_area &rArr; lv_obj_transform_point &rArr;  lv_obj_transform_point (Cycle)
</UL>
<BR>[Calls]<UL><LI><a href="#[322]">&gt;&gt;</a>&nbsp;&nbsp;&nbsp;lv_obj_calculate_style_text_align
<LI><a href="#[268]">&gt;&gt;</a>&nbsp;&nbsp;&nbsp;lv_obj_invalidate_area
<LI><a href="#[23e]">&gt;&gt;</a>&nbsp;&nbsp;&nbsp;lv_obj_get_style_prop
<LI><a href="#[249]">&gt;&gt;</a>&nbsp;&nbsp;&nbsp;lv_font_get_glyph_width
<LI><a href="#[288]">&gt;&gt;</a>&nbsp;&nbsp;&nbsp;lv_label_get_text
<LI><a href="#[357]">&gt;&gt;</a>&nbsp;&nbsp;&nbsp;lv_label_get_letter_pos
</UL>
<BR>[Called By]<UL><LI><a href="#[351]">&gt;&gt;</a>&nbsp;&nbsp;&nbsp;lv_textarea_set_cursor_pos
<LI><a href="#[3d9]">&gt;&gt;</a>&nbsp;&nbsp;&nbsp;pwd_char_hider
<LI><a href="#[f4]">&gt;&gt;</a>&nbsp;&nbsp;&nbsp;label_event_cb
</UL>

<P><STRONG><a name="[e7]"></a>disp_flush</STRONG> (Thumb, 14 bytes, Stack size 0 bytes, lv_port_disp_template.o(.text.disp_flush))
<BR><BR>[Calls]<UL><LI><a href="#[26a]">&gt;&gt;</a>&nbsp;&nbsp;&nbsp;lv_disp_flush_ready
</UL>
<BR>[Address Reference Count : 1]<UL><LI> lv_port_disp_template.o(.text.lv_port_disp_init)
</UL>
<P><STRONG><a name="[e8]"></a>touchpad_read</STRONG> (Thumb, 50 bytes, Stack size 0 bytes, lv_port_indev_template.o(.text.touchpad_read))
<BR>[Address Reference Count : 1]<UL><LI> lv_port_indev_template.o(.text.lv_port_indev_init)
</UL>
<P><STRONG><a name="[9b]"></a>btn_click_event_cb</STRONG> (Thumb, 18 bytes, Stack size 8 bytes, lv_demo_music_list.o(.text.btn_click_event_cb))
<BR><BR>[Stack]<UL><LI>Max Depth = 800 + Unknown Stack Size
<LI>Call Chain = btn_click_event_cb &rArr; _lv_demo_music_play &rArr; track_load &rArr; _lv_demo_music_list_btn_check &rArr; lv_obj_scroll_to_view &rArr; lv_obj_update_layout &rArr; layout_update_core &rArr;  layout_update_core (Cycle)
</UL>
<BR>[Calls]<UL><LI><a href="#[259]">&gt;&gt;</a>&nbsp;&nbsp;&nbsp;lv_obj_get_index
<LI><a href="#[258]">&gt;&gt;</a>&nbsp;&nbsp;&nbsp;lv_event_get_target
<LI><a href="#[20c]">&gt;&gt;</a>&nbsp;&nbsp;&nbsp;_lv_demo_music_play
</UL>
<BR>[Address Reference Count : 1]<UL><LI> lv_demo_music_list.o(.text._lv_demo_music_list_create)
</UL>
<P><STRONG><a name="[9c]"></a>prev_click_event_cb</STRONG> (Thumb, 6 bytes, Stack size 0 bytes, lv_demo_music_main.o(.text.prev_click_event_cb))
<BR><BR>[Stack]<UL><LI>Max Depth = 792 + Unknown Stack Size
<LI>Call Chain = prev_click_event_cb &rArr; _lv_demo_music_album_next &rArr; track_load &rArr; _lv_demo_music_list_btn_check &rArr; lv_obj_scroll_to_view &rArr; lv_obj_update_layout &rArr; layout_update_core &rArr;  layout_update_core (Cycle)
</UL>
<BR>[Calls]<UL><LI><a href="#[1b5]">&gt;&gt;</a>&nbsp;&nbsp;&nbsp;_lv_demo_music_album_next
</UL>
<BR>[Address Reference Count : 1]<UL><LI> lv_demo_music_main.o(.text._lv_demo_music_main_create)
</UL>
<P><STRONG><a name="[9d]"></a>play_event_click_cb</STRONG> (Thumb, 216 bytes, Stack size 88 bytes, lv_demo_music_main.o(.text.play_event_click_cb))
<BR><BR>[Stack]<UL><LI>Max Depth = 696 + Unknown Stack Size
<LI>Call Chain = play_event_click_cb &rArr; lv_img_set_zoom &rArr; lv_obj_update_layout &rArr; layout_update_core &rArr;  layout_update_core (Cycle)
</UL>
<BR>[Calls]<UL><LI><a href="#[1b8]">&gt;&gt;</a>&nbsp;&nbsp;&nbsp;lv_anim_start
<LI><a href="#[1b7]">&gt;&gt;</a>&nbsp;&nbsp;&nbsp;lv_anim_init
<LI><a href="#[2cd]">&gt;&gt;</a>&nbsp;&nbsp;&nbsp;lv_anim_del
<LI><a href="#[1b1]">&gt;&gt;</a>&nbsp;&nbsp;&nbsp;lv_timer_pause
<LI><a href="#[1b0]">&gt;&gt;</a>&nbsp;&nbsp;&nbsp;lv_timer_resume
<LI><a href="#[1bb]">&gt;&gt;</a>&nbsp;&nbsp;&nbsp;lv_obj_add_state
<LI><a href="#[1c0]">&gt;&gt;</a>&nbsp;&nbsp;&nbsp;lv_obj_clear_state
<LI><a href="#[336]">&gt;&gt;</a>&nbsp;&nbsp;&nbsp;lv_obj_has_state
<LI><a href="#[258]">&gt;&gt;</a>&nbsp;&nbsp;&nbsp;lv_event_get_target
<LI><a href="#[23c]">&gt;&gt;</a>&nbsp;&nbsp;&nbsp;lv_obj_invalidate
<LI><a href="#[1ac]">&gt;&gt;</a>&nbsp;&nbsp;&nbsp;lv_img_set_zoom
<LI><a href="#[1ba]">&gt;&gt;</a>&nbsp;&nbsp;&nbsp;lv_bar_set_range
<LI><a href="#[1b9]">&gt;&gt;</a>&nbsp;&nbsp;&nbsp;_lv_demo_music_get_track_length
</UL>
<BR>[Address Reference Count : 1]<UL><LI> lv_demo_music_main.o(.text._lv_demo_music_main_create)
</UL>
<P><STRONG><a name="[9e]"></a>next_click_event_cb</STRONG> (Thumb, 22 bytes, Stack size 8 bytes, lv_demo_music_main.o(.text.next_click_event_cb))
<BR><BR>[Stack]<UL><LI>Max Depth = 800 + Unknown Stack Size
<LI>Call Chain = next_click_event_cb &rArr; _lv_demo_music_album_next &rArr; track_load &rArr; _lv_demo_music_list_btn_check &rArr; lv_obj_scroll_to_view &rArr; lv_obj_update_layout &rArr; layout_update_core &rArr;  layout_update_core (Cycle)
</UL>
<BR>[Calls]<UL><LI><a href="#[265]">&gt;&gt;</a>&nbsp;&nbsp;&nbsp;lv_event_get_code
<LI><a href="#[1b5]">&gt;&gt;</a>&nbsp;&nbsp;&nbsp;_lv_demo_music_album_next
</UL>
<BR>[Address Reference Count : 1]<UL><LI> lv_demo_music_main.o(.text._lv_demo_music_main_create)
</UL>
<P><STRONG><a name="[9f]"></a>spectrum_draw_event_cb</STRONG> (Thumb, 1694 bytes, Stack size 280 bytes, lv_demo_music_main.o(.text.spectrum_draw_event_cb))
<BR><BR>[Stack]<UL><LI>Max Depth = 368 + Unknown Stack Size
<LI>Call Chain = spectrum_draw_event_cb &rArr; lv_obj_get_style_prop &rArr; lv_style_get_prop
</UL>
<BR>[Calls]<UL><LI><a href="#[1d3]">&gt;&gt;</a>&nbsp;&nbsp;&nbsp;lv_disp_get_hor_res
<LI><a href="#[1d2]">&gt;&gt;</a>&nbsp;&nbsp;&nbsp;lv_disp_get_default
<LI><a href="#[2b2]">&gt;&gt;</a>&nbsp;&nbsp;&nbsp;lv_trigo_sin
<LI><a href="#[b6]">&gt;&gt;</a>&nbsp;&nbsp;&nbsp;lv_obj_get_height
<LI><a href="#[283]">&gt;&gt;</a>&nbsp;&nbsp;&nbsp;lv_draw_rect_dsc_init
<LI><a href="#[b5]">&gt;&gt;</a>&nbsp;&nbsp;&nbsp;lv_obj_get_width
<LI><a href="#[23e]">&gt;&gt;</a>&nbsp;&nbsp;&nbsp;lv_obj_get_style_prop
<LI><a href="#[3f1]">&gt;&gt;</a>&nbsp;&nbsp;&nbsp;lv_event_set_cover_res
<LI><a href="#[2ec]">&gt;&gt;</a>&nbsp;&nbsp;&nbsp;lv_event_set_ext_draw_size
<LI><a href="#[28d]">&gt;&gt;</a>&nbsp;&nbsp;&nbsp;lv_event_get_draw_ctx
<LI><a href="#[265]">&gt;&gt;</a>&nbsp;&nbsp;&nbsp;lv_event_get_code
<LI><a href="#[258]">&gt;&gt;</a>&nbsp;&nbsp;&nbsp;lv_event_get_target
<LI><a href="#[3f0]">&gt;&gt;</a>&nbsp;&nbsp;&nbsp;lv_draw_polygon
<LI><a href="#[3ef]">&gt;&gt;</a>&nbsp;&nbsp;&nbsp;lv_img_get_zoom
</UL>
<BR>[Address Reference Count : 1]<UL><LI> lv_demo_music_main.o(.text._lv_demo_music_main_create)
</UL>
<P><STRONG><a name="[1ff]"></a>album_img_create</STRONG> (Thumb, 116 bytes, Stack size 24 bytes, lv_demo_music_main.o(.text.album_img_create))
<BR><BR>[Stack]<UL><LI>Max Depth = 448 + Unknown Stack Size
<LI>Call Chain = album_img_create &rArr; lv_img_create &rArr; lv_obj_class_init_obj &rArr; lv_theme_apply &rArr; lv_obj_remove_style &rArr; lv_obj_refresh_style &rArr; refresh_children_style &rArr;  refresh_children_style (Cycle)
</UL>
<BR>[Calls]<UL><LI><a href="#[1df]">&gt;&gt;</a>&nbsp;&nbsp;&nbsp;lv_obj_align
<LI><a href="#[1e0]">&gt;&gt;</a>&nbsp;&nbsp;&nbsp;lv_obj_add_flag
<LI><a href="#[1e5]">&gt;&gt;</a>&nbsp;&nbsp;&nbsp;lv_obj_clear_flag
<LI><a href="#[1e3]">&gt;&gt;</a>&nbsp;&nbsp;&nbsp;lv_obj_add_event_cb
<LI><a href="#[1be]">&gt;&gt;</a>&nbsp;&nbsp;&nbsp;lv_img_set_src
<LI><a href="#[1da]">&gt;&gt;</a>&nbsp;&nbsp;&nbsp;lv_img_create
<LI><a href="#[253]">&gt;&gt;</a>&nbsp;&nbsp;&nbsp;lv_img_set_antialias
</UL>
<BR>[Called By]<UL><LI><a href="#[1b6]">&gt;&gt;</a>&nbsp;&nbsp;&nbsp;track_load
<LI><a href="#[1e4]">&gt;&gt;</a>&nbsp;&nbsp;&nbsp;_lv_demo_music_main_create
</UL>

<P><STRONG><a name="[a0]"></a>timer_cb</STRONG> (Thumb, 64 bytes, Stack size 16 bytes, lv_demo_music_main.o(.text.timer_cb))
<BR><BR>[Stack]<UL><LI>Max Depth = 464 + Unknown Stack Size
<LI>Call Chain = timer_cb &rArr; lv_label_set_text_fmt &rArr; lv_label_refr_text &rArr; lv_obj_invalidate &rArr; lv_obj_area_is_visible &rArr; lv_obj_get_transformed_area &rArr; lv_obj_transform_point &rArr;  lv_obj_transform_point (Cycle)
</UL>
<BR>[Calls]<UL><LI><a href="#[35c]">&gt;&gt;</a>&nbsp;&nbsp;&nbsp;lv_label_set_text_fmt
<LI><a href="#[2e4]">&gt;&gt;</a>&nbsp;&nbsp;&nbsp;lv_bar_set_value
</UL>
<BR>[Address Reference Count : 1]<UL><LI> lv_demo_music_main.o(.text._lv_demo_music_main_create)
</UL>
<P><STRONG><a name="[a1]"></a>stop_start_anim</STRONG> (Thumb, 18 bytes, Stack size 0 bytes, lv_demo_music_main.o(.text.stop_start_anim))
<BR><BR>[Stack]<UL><LI>Max Depth = 304 + Unknown Stack Size
<LI>Call Chain = stop_start_anim &rArr; lv_obj_refresh_ext_draw_size &rArr; lv_obj_invalidate &rArr; lv_obj_area_is_visible &rArr; lv_obj_get_transformed_area &rArr; lv_obj_transform_point &rArr;  lv_obj_transform_point (Cycle)
</UL>
<BR>[Calls]<UL><LI><a href="#[1fe]">&gt;&gt;</a>&nbsp;&nbsp;&nbsp;lv_obj_refresh_ext_draw_size
</UL>
<BR>[Address Reference Count : 1]<UL><LI> lv_demo_music_main.o(.text._lv_demo_music_main_create)
</UL>
<P><STRONG><a name="[a3]"></a>start_anim_cb</STRONG> (Thumb, 18 bytes, Stack size 0 bytes, lv_demo_music_main.o(.text.start_anim_cb))
<BR><BR>[Stack]<UL><LI>Max Depth = 280<LI>Call Chain = start_anim_cb &rArr; lv_obj_invalidate &rArr; lv_obj_area_is_visible &rArr; lv_obj_get_transformed_area &rArr; lv_obj_transform_point &rArr;  lv_obj_transform_point (Cycle)
</UL>
<BR>[Calls]<UL><LI><a href="#[23c]">&gt;&gt;</a>&nbsp;&nbsp;&nbsp;lv_obj_invalidate
</UL>
<BR>[Address Reference Count : 1]<UL><LI> lv_demo_music_main.o(.text._lv_demo_music_main_create)
</UL>
<P><STRONG><a name="[a5]"></a>_img_set_zoom_anim_cb</STRONG> (Thumb, 6 bytes, Stack size 0 bytes, lv_demo_music_main.o(.text._img_set_zoom_anim_cb))
<BR><BR>[Stack]<UL><LI>Max Depth = 608 + Unknown Stack Size
<LI>Call Chain = _img_set_zoom_anim_cb &rArr; lv_img_set_zoom &rArr; lv_obj_update_layout &rArr; layout_update_core &rArr;  layout_update_core (Cycle)
</UL>
<BR>[Calls]<UL><LI><a href="#[1ac]">&gt;&gt;</a>&nbsp;&nbsp;&nbsp;lv_img_set_zoom
</UL>
<BR>[Address Reference Count : 2]<UL><LI> lv_demo_music_main.o(.text.track_load)
<LI> lv_demo_music_main.o(.text._lv_demo_music_main_create)
</UL>
<P><STRONG><a name="[1b6]"></a>track_load</STRONG> (Thumb, 420 bytes, Stack size 104 bytes, lv_demo_music_main.o(.text.track_load))
<BR><BR>[Stack]<UL><LI>Max Depth = 704 + Unknown Stack Size
<LI>Call Chain = track_load &rArr; _lv_demo_music_list_btn_check &rArr; lv_obj_scroll_to_view &rArr; lv_obj_update_layout &rArr; layout_update_core &rArr;  layout_update_core (Cycle)
</UL>
<BR>[Calls]<UL><LI><a href="#[1b8]">&gt;&gt;</a>&nbsp;&nbsp;&nbsp;lv_anim_start
<LI><a href="#[1d3]">&gt;&gt;</a>&nbsp;&nbsp;&nbsp;lv_disp_get_hor_res
<LI><a href="#[1b7]">&gt;&gt;</a>&nbsp;&nbsp;&nbsp;lv_anim_init
<LI><a href="#[1d2]">&gt;&gt;</a>&nbsp;&nbsp;&nbsp;lv_disp_get_default
<LI><a href="#[23e]">&gt;&gt;</a>&nbsp;&nbsp;&nbsp;lv_obj_get_style_prop
<LI><a href="#[1dd]">&gt;&gt;</a>&nbsp;&nbsp;&nbsp;lv_label_set_text
<LI><a href="#[2e4]">&gt;&gt;</a>&nbsp;&nbsp;&nbsp;lv_bar_set_value
<LI><a href="#[1ff]">&gt;&gt;</a>&nbsp;&nbsp;&nbsp;album_img_create
<LI><a href="#[1bc]">&gt;&gt;</a>&nbsp;&nbsp;&nbsp;_lv_demo_music_list_btn_check
<LI><a href="#[1f3]">&gt;&gt;</a>&nbsp;&nbsp;&nbsp;_lv_demo_music_get_genre
<LI><a href="#[1e2]">&gt;&gt;</a>&nbsp;&nbsp;&nbsp;_lv_demo_music_get_artist
<LI><a href="#[1d9]">&gt;&gt;</a>&nbsp;&nbsp;&nbsp;_lv_demo_music_get_title
</UL>
<BR>[Called By]<UL><LI><a href="#[1b5]">&gt;&gt;</a>&nbsp;&nbsp;&nbsp;_lv_demo_music_album_next
<LI><a href="#[20c]">&gt;&gt;</a>&nbsp;&nbsp;&nbsp;_lv_demo_music_play
</UL>

<P><STRONG><a name="[99]"></a>spectrum_anim_cb</STRONG> (Thumb, 114 bytes, Stack size 8 bytes, lv_demo_music_main.o(.text.spectrum_anim_cb))
<BR><BR>[Stack]<UL><LI>Max Depth = 616 + Unknown Stack Size
<LI>Call Chain = spectrum_anim_cb &rArr; lv_img_set_zoom &rArr; lv_obj_update_layout &rArr; layout_update_core &rArr;  layout_update_core (Cycle)
</UL>
<BR>[Calls]<UL><LI><a href="#[23c]">&gt;&gt;</a>&nbsp;&nbsp;&nbsp;lv_obj_invalidate
<LI><a href="#[1ac]">&gt;&gt;</a>&nbsp;&nbsp;&nbsp;lv_img_set_zoom
</UL>
<BR>[Address Reference Count : 3]<UL><LI> lv_demo_music_main.o(.text._lv_demo_music_album_next)
<LI> lv_demo_music_main.o(.text._lv_demo_music_play)
<LI> lv_demo_music_main.o(.text.play_event_click_cb)
</UL>
<P><STRONG><a name="[9a]"></a>spectrum_end_cb</STRONG> (Thumb, 6 bytes, Stack size 0 bytes, lv_demo_music_main.o(.text.spectrum_end_cb))
<BR><BR>[Stack]<UL><LI>Max Depth = 792 + Unknown Stack Size
<LI>Call Chain = spectrum_end_cb &rArr; _lv_demo_music_album_next &rArr; track_load &rArr; _lv_demo_music_list_btn_check &rArr; lv_obj_scroll_to_view &rArr; lv_obj_update_layout &rArr; layout_update_core &rArr;  layout_update_core (Cycle)
</UL>
<BR>[Calls]<UL><LI><a href="#[1b5]">&gt;&gt;</a>&nbsp;&nbsp;&nbsp;_lv_demo_music_album_next
</UL>
<BR>[Address Reference Count : 3]<UL><LI> lv_demo_music_main.o(.text._lv_demo_music_album_next)
<LI> lv_demo_music_main.o(.text._lv_demo_music_play)
<LI> lv_demo_music_main.o(.text.play_event_click_cb)
</UL>
<P><STRONG><a name="[ff]"></a>album_fade_anim_cb</STRONG> (Thumb, 8 bytes, Stack size 0 bytes, lv_demo_music_main.o(.text.album_fade_anim_cb))
<BR><BR>[Stack]<UL><LI>Max Depth = 368 + Unknown Stack Size
<LI>Call Chain = album_fade_anim_cb &rArr; lv_obj_set_style_img_opa &rArr; lv_obj_set_local_style_prop &rArr; lv_obj_refresh_style &rArr; refresh_children_style &rArr;  refresh_children_style (Cycle)
</UL>
<BR>[Calls]<UL><LI><a href="#[251]">&gt;&gt;</a>&nbsp;&nbsp;&nbsp;lv_obj_set_style_img_opa
</UL>
<BR>[Address Reference Count : 1]<UL><LI> lv_demo_music_main.o(.text.track_load)
</UL>
<P><STRONG><a name="[100]"></a>_obj_set_x_anim_cb</STRONG> (Thumb, 6 bytes, Stack size 0 bytes, lv_demo_music_main.o(.text._obj_set_x_anim_cb))
<BR><BR>[Stack]<UL><LI>Max Depth = 392 + Unknown Stack Size
<LI>Call Chain = _obj_set_x_anim_cb &rArr; lv_obj_set_x &rArr; lv_obj_set_style_x &rArr; lv_obj_set_local_style_prop &rArr; lv_obj_refresh_style &rArr; refresh_children_style &rArr;  refresh_children_style (Cycle)
</UL>
<BR>[Calls]<UL><LI><a href="#[24e]">&gt;&gt;</a>&nbsp;&nbsp;&nbsp;lv_obj_set_x
</UL>
<BR>[Address Reference Count : 1]<UL><LI> lv_demo_music_main.o(.text.track_load)
</UL>
<P><STRONG><a name="[b0]"></a>album_gesture_event_cb</STRONG> (Thumb, 42 bytes, Stack size 8 bytes, lv_demo_music_main.o(.text.album_gesture_event_cb))
<BR><BR>[Stack]<UL><LI>Max Depth = 800 + Unknown Stack Size
<LI>Call Chain = album_gesture_event_cb &rArr; _lv_demo_music_album_next &rArr; track_load &rArr; _lv_demo_music_list_btn_check &rArr; lv_obj_scroll_to_view &rArr; lv_obj_update_layout &rArr; layout_update_core &rArr;  layout_update_core (Cycle)
</UL>
<BR>[Calls]<UL><LI><a href="#[252]">&gt;&gt;</a>&nbsp;&nbsp;&nbsp;lv_indev_get_gesture_dir
<LI><a href="#[228]">&gt;&gt;</a>&nbsp;&nbsp;&nbsp;lv_indev_get_act
<LI><a href="#[1b5]">&gt;&gt;</a>&nbsp;&nbsp;&nbsp;_lv_demo_music_album_next
</UL>
<BR>[Address Reference Count : 1]<UL><LI> lv_demo_music_main.o(.text.album_img_create)
</UL><P>
<H3>
Undefined Global Symbols
</H3><HR></body></html>
