<html>
<body>
<pre>
<h1>µVision Build Log</h1>
<h2>Tool Versions:</h2>
IDE-Version: ¦ÌVision V5.40.0.0
Copyright (C) 2024 ARM Ltd and ARM Germany GmbH. All rights reserved.
License Information: MDLZ COOL, NPU, LIC=32B1Q-N5AM9-GK4BG-V774G-TL522-ETCLX
 
Tool Versions:
Toolchain:       MDK-ARM Plus  Version: 5.40.0.3
Toolchain Path:  D:\Keil_v5\ARM\ARMCLANG\Bin
C Compiler:      ArmClang.exe V6.22
Assembler:       Armasm.exe V6.22
Linker/Locator:  ArmLink.exe V6.22
Library Manager: ArmAr.exe V6.22
Hex Converter:   FromElf.exe V6.22
CPU DLL:         SARMCM3.DLL V5.40.0.3
Dialog DLL:      DCM.DLL V1.17.5.0
Target DLL:      CMSIS_AGDI.dll V1.33.18.0
Dialog DLL:      TCM.DLL V1.56.4.0
 
<h2>Project:</h2>
C:\Users\MDLZ\Desktop\my_hal_h7_contest_lvgl_external\MDK-ARM\STM32H750XBH6.uvprojx
Project File Date:  07/07/2024

<h2>Output:</h2>
*** Using Compiler 'V6.22', folder: 'D:\Keil_v5\ARM\ARMCLANG\Bin'
Build target 'EXT_Flash_SPI'
compiling gui_guider.c...
compiling setup_scr_screen_5.c...
../LVGL/my_gui/generated/setup_scr_screen.c(174): warning: implicit conversion from 'double' to 'lv_coord_t' (aka 'short') changes value from 336.5 to 336 [-Wliteral-conversion]
  174 |         lv_obj_set_pos(ui->screen_spinner_1, 336.5, 322);
      |         ~~~~~~~~~~~~~~                       ^~~~~
1 warning generated.
compiling setup_scr_screen.c...
compiling lv_font_SourceHanSerifSC_Regular_16.c...
compiling lv_font_nwpuname_50.c...
compiling custom.c...
compiling lv_font_SourceHanSerifSC_Regular_30.c...
compiling lv_font_HarmonyOS_Sans_SC_Regular_18.c...
compiling events_init.c...
compiling lv_font_SourceHanSerifSC_Regular_20.c...
../LVGL/my_gui/generated/setup_scr_screen_3.c(127): warning: implicit conversion from 'double' to 'lv_coord_t' (aka 'short') changes value from 206.5 to 206 [-Wliteral-conversion]
  127 |         lv_obj_set_pos(ui->screen_3_label_3, 139, 206.5);
      |         ~~~~~~~~~~~~~~                            ^~~~~
../LVGL/my_gui/generated/setup_scr_screen_3.c(173): warning: implicit conversion from 'double' to 'lv_coord_t' (aka 'short') changes value from 300.5 to 300 [-Wliteral-conversion]
  173 |         lv_obj_set_pos(ui->screen_3_label_5, 139, 300.5);
      |         ~~~~~~~~~~~~~~                            ^~~~~
2 warnings generated.
compiling setup_scr_screen_3.c...
compiling widgets_init.c...
compiling lv_font_SourceHanSerifSC_Regular_25.c...
compiling lv_font_HarmonyOS_Sans_SC_Regular_16.c...
compiling lv_font_nwpuname_25.c...
compiling lv_font_SourceHanSerifSC_Regular_12.c...
compiling setup_scr_usage.c...
compiling setup_scr_screen_6.c...
../LVGL/my_gui/generated/setup_scr_about.c(176): warning: implicit conversion from 'double' to 'lv_coord_t' (aka 'short') changes value from 161.5 to 161 [-Wliteral-conversion]
  176 |         lv_obj_set_pos(ui->about_label_3, 363, 161.5);
      |         ~~~~~~~~~~~~~~                         ^~~~~
1 warning generated.
compiling setup_scr_about.c...
compiling setup_scr_screen_4.c...
../LVGL/my_gui/generated/setup_scr_screen_2.c(376): warning: implicit conversion from 'double' to 'lv_coord_t' (aka 'short') changes value from 97.5 to 97 [-Wliteral-conversion]
  376 |         lv_obj_set_pos(ui->screen_2_ddlist_2, 457, 97.5);
      |         ~~~~~~~~~~~~~~                             ^~~~
1 warning generated.
compiling setup_scr_screen_2.c...
compiling lv_font_HarmonyOS_Sans_SC_Regular_20.c...
compiling lv_font_HarmonyOS_Sans_SC_Regular_14.c...
compiling lv_font_SourceHanSerifSC_Regular_21.c...
../LVGL/my_gui/generated/setup_scr_screen_1.c(187): warning: implicit conversion from 'double' to 'lv_coord_t' (aka 'short') changes value from 109.5 to 109 [-Wliteral-conversion]
  187 |         lv_obj_set_pos(ui->screen_1_label_2, 52, 109.5);
      |         ~~~~~~~~~~~~~~                           ^~~~~
../LVGL/my_gui/generated/setup_scr_screen_1.c(210): warning: implicit conversion from 'double' to 'lv_coord_t' (aka 'short') changes value from 181.5 to 181 [-Wliteral-conversion]
  210 |         lv_obj_set_pos(ui->screen_1_label_3, 52, 181.5);
      |         ~~~~~~~~~~~~~~                           ^~~~~
../LVGL/my_gui/generated/setup_scr_screen_1.c(233): warning: implicit conversion from 'double' to 'lv_coord_t' (aka 'short') changes value from 109.5 to 109 [-Wliteral-conversion]
  233 |         lv_obj_set_pos(ui->screen_1_label_4, 401, 109.5);
      |         ~~~~~~~~~~~~~~                            ^~~~~
../LVGL/my_gui/generated/setup_scr_screen_1.c(256): warning: implicit conversion from 'double' to 'lv_coord_t' (aka 'short') changes value from 253.5 to 253 [-Wliteral-conversion]
  256 |         lv_obj_set_pos(ui->screen_1_label_5, 52, 253.5);
      |         ~~~~~~~~~~~~~~                           ^~~~~
../LVGL/my_gui/generated/setup_scr_screen_1.c(279): warning: implicit conversion from 'double' to 'lv_coord_t' (aka 'short') changes value from 253.5 to 253 [-Wliteral-conversion]
  279 |         lv_obj_set_pos(ui->screen_1_label_6, 401, 253.5);
      |         ~~~~~~~~~~~~~~                            ^~~~~
../LVGL/my_gui/generated/setup_scr_screen_1.c(302): warning: implicit conversion from 'double' to 'lv_coord_t' (aka 'short') changes value from 181.5 to 181 [-Wliteral-conversion]
  302 |         lv_obj_set_pos(ui->screen_1_label_7, 401, 181.5);
      |         ~~~~~~~~~~~~~~                            ^~~~~
../LVGL/my_gui/generated/setup_scr_screen_1.c(325): warning: implicit conversion from 'double' to 'lv_coord_t' (aka 'short') changes value from 109.5 to 109 [-Wliteral-conversion]
  325 |         lv_obj_set_pos(ui->screen_1_label_8, 200, 109.5);
      |         ~~~~~~~~~~~~~~                            ^~~~~
../LVGL/my_gui/generated/setup_scr_screen_1.c(348): warning: implicit conversion from 'double' to 'lv_coord_t' (aka 'short') changes value from 181.5 to 181 [-Wliteral-conversion]
  348 |         lv_obj_set_pos(ui->screen_1_label_9, 200, 181.5);
      |         ~~~~~~~~~~~~~~                            ^~~~~
../LVGL/my_gui/generated/setup_scr_screen_1.c(371): warning: implicit conversion from 'double' to 'lv_coord_t' (aka 'short') changes value from 253.5 to 253 [-Wliteral-conversion]
  371 |         lv_obj_set_pos(ui->screen_1_label_10, 200, 253.5);
      |         ~~~~~~~~~~~~~~                             ^~~~~
../LVGL/my_gui/generated/setup_scr_screen_1.c(701): warning: implicit conversion from 'double' to 'lv_coord_t' (aka 'short') changes value from 113.5 to 113 [-Wliteral-conversion]
  701 |         lv_obj_set_pos(ui->screen_1_label_17, 113.5, 15);
      |         ~~~~~~~~~~~~~~                        ^~~~~
10 warnings generated.
compiling setup_scr_screen_1.c...
compiling lv_font_HarmonyOS_Sans_SC_Regular_30.c...
compiling lv_font_HarmonyOS_Sans_SC_Regular_25.c...
compiling lv_font_HarmonyOS_Sans_SC_Regular_40.c...
../Core/Src/main.c(134): warning: non-void function does not return a value [-Wreturn-type]
  134 | }
      | ^
../Core/Src/main.c(147): warning: passing 'BYTE *' (aka 'unsigned char *') to parameter of type 'const char *' converts between pointers to integer types where one is of the unique plain 'char' type and the other is not [-Wpointer-sign]
  147 |     f_write(&MyFile, MyFile_WriteBuffer, strlen(MyFile_WriteBuffer), bw);
      |                                                 ^~~~~~~~~~~~~~~~~~
D:\Keil_v5\ARM\ARMCLANG\bin\..\include\string.h(335): note: passing argument to parameter here
  335 | extern _ARMABI size_t strlen(const char * /*s*/) __attribute__((__nonnull__(1)));
      |                                                ^
../Core/Src/main.c(149): warning: non-void function does not return a value [-Wreturn-type]
  149 | }
      | ^
../Core/Src/main.c(257): warning: passing 'char[128]' to parameter of type 'const uint8_t *' (aka 'const unsigned char *') converts between pointers to integer types where one is of the unique plain 'char' type and the other is not [-Wpointer-sign]
  257 |         HAL_UART_Transmit(&huart2, buf_data_bth, sizeof(buf_data_bth), HAL_MAX_DELAY);
      |                                    ^~~~~~~~~~~~
../Drivers/STM32H7xx_HAL_Driver/Inc\stm32h7xx_hal_uart.h(1614): note: passing argument to parameter 'pData' here
 1614 | HAL_StatusTypeDef HAL_UART_Transmit(UART_HandleTypeDef *huart, const uint8_t *pData, uint16_t Size, uint32_t Timeout);
      |                                                                               ^
../Core/Src/main.c(260): warning: passing 'char[128]' to parameter of type 'BYTE *' (aka 'unsigned char *') converts between pointers to integer types where one is of the unique plain 'char' type and the other is not [-Wpointer-sign]
  260 |             FatFs_FileWrite(buf_data_excel, file_path);
      |                             ^~~~~~~~~~~~~~
../Core/Src/main.c(139): note: passing argument to parameter 'MyFile_WriteBuffer' here
  139 | uint8_t FatFs_FileWrite(BYTE *MyFile_WriteBuffer, const TCHAR *path) {
      |                               ^
5 warnings generated.
compiling main.c...
compiling lv_font_HarmonyOS_Sans_SC_Regular_50.c...
linking...
Program Size: Code=360746 RO-data=1054326 RW-data=960 ZI-data=29672  
FromELF: creating hex file...
"STM32H750XBH6\test.hex" - 0 Error(s), 20 Warning(s).

<h2>Software Packages used:</h2>

Package Vendor: ARM
                https://www.keil.com/pack/ARM.CMSIS.6.1.0.pack
                ARM::CMSIS@6.1.0
                CMSIS (Common Microcontroller Software Interface Standard)
   * Component: CORE Version: 6.1.0

Package Vendor: Keil
                https://www.keil.com/pack/Keil.STM32H7xx_DFP.3.1.1.pack
                Keil::STM32H7xx_DFP@3.1.1
                STMicroelectronics STM32H7 Series Device Support and Examples

<h2>Collection of Component include folders:</h2>
  ./RTE/_EXT_Flash_SPI
  D:/Keil_v5/ARM/PACK/ARM/CMSIS/6.1.0/CMSIS/Core/Include
  D:/Keil_v5/ARM/PACK/Keil/STM32H7xx_DFP/3.1.1/Drivers/CMSIS/Device/ST/STM32H7xx/Include

<h2>Collection of Component Files used:</h2>

   * Component: ARM::CMSIS:CORE@6.1.0
      Include file:  CMSIS/Core/Include/tz_context.h
Build Time Elapsed:  00:00:10
</pre>
</body>
</html>
